Archive member included to satisfy reference by file (symbol)

E:/Programming/Cypress/PSoC6/psoc6pdl_Cortex-M4/Debug/libpsoc6pdl_Cortex-M4.a(cy_syslib_gcc.o)
                              ./psoc6sw-1.1/components/psoc6pdl/devices/psoc6/startup/system_psoc6_cm4.o (Cy_SysLib_EnterCriticalSection)
E:/Programming/Cypress/PSoC6/psoc6pdl_Cortex-M4/Debug/libpsoc6pdl_Cortex-M4.a(cy_device.o)
                              ./psoc6sw-1.1/components/psoc6pdl/devices/psoc6/startup/system_psoc6_cm4.o (Cy_PDL_Init)
E:/Programming/Cypress/PSoC6/psoc6pdl_Cortex-M4/Debug/libpsoc6pdl_Cortex-M4.a(cy_gpio.o)
                              ./GeneratedSource/cycfg_pins.o (Cy_GPIO_Pin_Init)
E:/Programming/Cypress/PSoC6/psoc6pdl_Cortex-M4/Debug/libpsoc6pdl_Cortex-M4.a(cy_ipc_pipe.o)
                              ./psoc6sw-1.1/components/psoc6pdl/devices/psoc6/startup/system_psoc6_cm4.o (Cy_IPC_Pipe_Config)
E:/Programming/Cypress/PSoC6/psoc6pdl_Cortex-M4/Debug/libpsoc6pdl_Cortex-M4.a(cy_ipc_sema.o)
                              ./psoc6sw-1.1/components/psoc6pdl/devices/psoc6/startup/system_psoc6_cm4.o (Cy_IPC_Sema_Init)
E:/Programming/Cypress/PSoC6/psoc6pdl_Cortex-M4/Debug/libpsoc6pdl_Cortex-M4.a(cy_scb_common.o)
                              ./Source/stdio_user.o (Cy_SCB_Write)
E:/Programming/Cypress/PSoC6/psoc6pdl_Cortex-M4/Debug/libpsoc6pdl_Cortex-M4.a(cy_scb_uart.o)
                              ./Source/main.o (Cy_SCB_UART_Init)
E:/Programming/Cypress/PSoC6/psoc6pdl_Cortex-M4/Debug/libpsoc6pdl_Cortex-M4.a(cy_sd_host.o)
                              ./Source/main.o (Cy_SD_Host_Init)
E:/Programming/Cypress/PSoC6/psoc6pdl_Cortex-M4/Debug/libpsoc6pdl_Cortex-M4.a(cy_sysclk.o)
                              ./GeneratedSource/cycfg_platform.o (Cy_SysClk_ClkPathSetSource)
E:/Programming/Cypress/PSoC6/psoc6pdl_Cortex-M4/Debug/libpsoc6pdl_Cortex-M4.a(cy_sysint.o)
                              ./Source/main.o (Cy_SysInt_Init)
E:/Programming/Cypress/PSoC6/psoc6pdl_Cortex-M4/Debug/libpsoc6pdl_Cortex-M4.a(cy_syslib.o)
                              E:/Programming/Cypress/PSoC6/psoc6pdl_Cortex-M4/Debug/libpsoc6pdl_Cortex-M4.a(cy_sd_host.o) (Cy_SysLib_Delay)
E:/Programming/Cypress/PSoC6/psoc6pdl_Cortex-M4/Debug/libpsoc6pdl_Cortex-M4.a(cy_syspm.o)
                              ./GeneratedSource/cycfg_platform.o (Cy_SysPm_LdoSetVoltage)
E:/Programming/Cypress/PSoC6/psoc6pdl_Cortex-M4/Debug/libpsoc6pdl_Cortex-M4.a(cy_ipc_drv.o)
                              E:/Programming/Cypress/PSoC6/psoc6pdl_Cortex-M4/Debug/libpsoc6pdl_Cortex-M4.a(cy_ipc_pipe.o) (Cy_IPC_Drv_LockRelease)
E:/Programming/Cypress/PSoC6/psoc6pdl_Cortex-M4/Debug/libpsoc6pdl_Cortex-M4.a(cy_prot.o)
                              E:/Programming/Cypress/PSoC6/psoc6pdl_Cortex-M4/Debug/libpsoc6pdl_Cortex-M4.a(cy_syspm.o) (Cy_Prot_GetActivePC)
c:/users/oleh/modustoolbox_1.1/tools/gcc-7.2.1-1.0/bin/../lib/gcc/arm-none-eabi/7.2.1/thumb/v7e-m/fpv4-sp/softfp\libgcc.a(_aeabi_uldivmod.o)
                              E:/Programming/Cypress/PSoC6/psoc6pdl_Cortex-M4/Debug/libpsoc6pdl_Cortex-M4.a(cy_sysclk.o) (__aeabi_uldivmod)
c:/users/oleh/modustoolbox_1.1/tools/gcc-7.2.1-1.0/bin/../lib/gcc/arm-none-eabi/7.2.1/thumb/v7e-m/fpv4-sp/softfp\libgcc.a(_udivmoddi4.o)
                              c:/users/oleh/modustoolbox_1.1/tools/gcc-7.2.1-1.0/bin/../lib/gcc/arm-none-eabi/7.2.1/thumb/v7e-m/fpv4-sp/softfp\libgcc.a(_aeabi_uldivmod.o) (__udivmoddi4)
c:/users/oleh/modustoolbox_1.1/tools/gcc-7.2.1-1.0/bin/../lib/gcc/arm-none-eabi/7.2.1/thumb/v7e-m/fpv4-sp/softfp\libgcc.a(_dvmd_tls.o)
                              c:/users/oleh/modustoolbox_1.1/tools/gcc-7.2.1-1.0/bin/../lib/gcc/arm-none-eabi/7.2.1/thumb/v7e-m/fpv4-sp/softfp\libgcc.a(_aeabi_uldivmod.o) (__aeabi_ldiv0)
c:/users/oleh/modustoolbox_1.1/tools/gcc-7.2.1-1.0/bin/../lib/gcc/arm-none-eabi/7.2.1/../../../../arm-none-eabi/lib/thumb/v7e-m/fpv4-sp/softfp\libg_nano.a(lib_a-exit.o)
                              c:/users/oleh/modustoolbox_1.1/tools/gcc-7.2.1-1.0/bin/../lib/gcc/arm-none-eabi/7.2.1/../../../../arm-none-eabi/lib/thumb/v7e-m/fpv4-sp/softfp/crt0.o (exit)
c:/users/oleh/modustoolbox_1.1/tools/gcc-7.2.1-1.0/bin/../lib/gcc/arm-none-eabi/7.2.1/../../../../arm-none-eabi/lib/thumb/v7e-m/fpv4-sp/softfp\libg_nano.a(lib_a-impure.o)
                              c:/users/oleh/modustoolbox_1.1/tools/gcc-7.2.1-1.0/bin/../lib/gcc/arm-none-eabi/7.2.1/../../../../arm-none-eabi/lib/thumb/v7e-m/fpv4-sp/softfp\libg_nano.a(lib_a-exit.o) (_global_impure_ptr)
c:/users/oleh/modustoolbox_1.1/tools/gcc-7.2.1-1.0/bin/../lib/gcc/arm-none-eabi/7.2.1/../../../../arm-none-eabi/lib/thumb/v7e-m/fpv4-sp/softfp\libg_nano.a(lib_a-init.o)
                              c:/users/oleh/modustoolbox_1.1/tools/gcc-7.2.1-1.0/bin/../lib/gcc/arm-none-eabi/7.2.1/../../../../arm-none-eabi/lib/thumb/v7e-m/fpv4-sp/softfp/crt0.o (__libc_init_array)
[...]
Memory Configuration

Name             Origin             Length             Attributes
ram              0x08002000         0x000fd800         xrw
flash            0x10002000         0x001fe000         xr
em_eeprom        0x14000000         0x00008000         xr
sflash_user_data 0x16000800         0x00000800         xr
sflash_nar       0x16001a00         0x00000200         xr
sflash_public_key 0x16005a00         0x00000c00         xr
sflash_toc_2     0x16007c00         0x00000200         xr
sflash_rtoc_2    0x16007e00         0x00000200         xr
xip              0x18000000         0x08000000         xr
efuse            0x90700000         0x00100000         r
*default*        0x00000000         0xffffffff

Linker script and memory map

LOAD c:/users/oleh/modustoolbox_1.1/tools/gcc-7.2.1-1.0/bin/../lib/gcc/arm-none-eabi/7.2.1/thumb/v7e-m/fpv4-sp/softfp/crti.o
LOAD c:/users/oleh/modustoolbox_1.1/tools/gcc-7.2.1-1.0/bin/../lib/gcc/arm-none-eabi/7.2.1/thumb/v7e-m/fpv4-sp/softfp/crtbegin.o
LOAD c:/users/oleh/modustoolbox_1.1/tools/gcc-7.2.1-1.0/bin/../lib/gcc/arm-none-eabi/7.2.1/../../../../arm-none-eabi/lib/thumb/v7e-m/fpv4-sp/softfp/crt0.o
START GROUP
LOAD ./psoc6sw-1.1/components/psoc6pdl/utilities/retarget_io/retarget.o
LOAD ./psoc6sw-1.1/components/psoc6pdl/devices/psoc6/startup/gcc/startup_psoc6_02_cm4.o
LOAD ./psoc6sw-1.1/components/psoc6pdl/devices/psoc6/startup/system_psoc6_cm4.o
LOAD ./Source/main.o
LOAD ./Source/stdio_user.o
LOAD ./GeneratedSource/cycfg.o
LOAD ./GeneratedSource/cycfg_clocks.o
LOAD ./GeneratedSource/cycfg_peripherals.o
LOAD ./GeneratedSource/cycfg_pins.o
LOAD ./GeneratedSource/cycfg_platform.o
LOAD ./GeneratedSource/cycfg_routing.o
LOAD E:/Programming/Cypress/PSoC6/psoc6pdl_Cortex-M4/Debug/libpsoc6pdl_Cortex-M4.a
END GROUP
START GROUP
LOAD c:/users/oleh/modustoolbox_1.1/tools/gcc-7.2.1-1.0/bin/../lib/gcc/arm-none-eabi/7.2.1/thumb/v7e-m/fpv4-sp/softfp\libgcc.a
LOAD c:/users/oleh/modustoolbox_1.1/tools/gcc-7.2.1-1.0/bin/../lib/gcc/arm-none-eabi/7.2.1/../../../../arm-none-eabi/lib/thumb/v7e-m/fpv4-sp/softfp\libg_nano.a
LOAD c:/users/oleh/modustoolbox_1.1/tools/gcc-7.2.1-1.0/bin/../lib/gcc/arm-none-eabi/7.2.1/../../../../arm-none-eabi/lib/thumb/v7e-m/fpv4-sp/softfp\libc_nano.a
END GROUP
START GROUP
LOAD c:/users/oleh/modustoolbox_1.1/tools/gcc-7.2.1-1.0/bin/../lib/gcc/arm-none-eabi/7.2.1/thumb/v7e-m/fpv4-sp/softfp\libgcc.a
LOAD c:/users/oleh/modustoolbox_1.1/tools/gcc-7.2.1-1.0/bin/../lib/gcc/arm-none-eabi/7.2.1/../../../../arm-none-eabi/lib/thumb/v7e-m/fpv4-sp/softfp\libc_nano.a
END GROUP
LOAD c:/users/oleh/modustoolbox_1.1/tools/gcc-7.2.1-1.0/bin/../lib/gcc/arm-none-eabi/7.2.1/thumb/v7e-m/fpv4-sp/softfp/crtend.o
LOAD c:/users/oleh/modustoolbox_1.1/tools/gcc-7.2.1-1.0/bin/../lib/gcc/arm-none-eabi/7.2.1/thumb/v7e-m/fpv4-sp/softfp/crtn.o
START GROUP
LOAD c:/users/oleh/modustoolbox_1.1/tools/gcc-7.2.1-1.0/bin/../lib/gcc/arm-none-eabi/7.2.1/thumb/v7e-m/fpv4-sp/softfp\libgcc.a
LOAD c:/users/oleh/modustoolbox_1.1/tools/gcc-7.2.1-1.0/bin/../lib/gcc/arm-none-eabi/7.2.1/../../../../arm-none-eabi/lib/thumb/v7e-m/fpv4-sp/softfp\libc.a
LOAD c:/users/oleh/modustoolbox_1.1/tools/gcc-7.2.1-1.0/bin/../lib/gcc/arm-none-eabi/7.2.1/../../../../arm-none-eabi/lib/thumb/v7e-m/fpv4-sp/softfp\libnosys.a
END GROUP
START GROUP
LOAD c:/users/oleh/modustoolbox_1.1/tools/gcc-7.2.1-1.0/bin/../lib/gcc/arm-none-eabi/7.2.1/thumb/v7e-m/fpv4-sp/softfp\libgcc.a
LOAD c:/users/oleh/modustoolbox_1.1/tools/gcc-7.2.1-1.0/bin/../lib/gcc/arm-none-eabi/7.2.1/../../../../arm-none-eabi/lib/thumb/v7e-m/fpv4-sp/softfp\libc.a
LOAD c:/users/oleh/modustoolbox_1.1/tools/gcc-7.2.1-1.0/bin/../lib/gcc/arm-none-eabi/7.2.1/../../../../arm-none-eabi/lib/thumb/v7e-m/fpv4-sp/softfp\libm.a
LOAD c:/users/oleh/modustoolbox_1.1/tools/gcc-7.2.1-1.0/bin/../lib/gcc/arm-none-eabi/7.2.1/../../../../arm-none-eabi/lib/thumb/v7e-m/fpv4-sp/softfp\libnosys.a
END GROUP

.text           0x10002000     0x7dac
                0x10002000                . = ALIGN (0x4)
                0x10002000                __Vectors = .
 *(.vectors)
 .vectors       0x10002000      0x2e0 ./psoc6sw-1.1/components/psoc6pdl/devices/psoc6/startup/gcc/startup_psoc6_02_cm4.o
                0x100022e0                . = ALIGN (0x4)
                0x100022e0                __Vectors_End = .
                0x000002e0                __Vectors_Size = (__Vectors_End - __Vectors)
                0x100022e0                __end__ = .
                0x100022e0                . = ALIGN (0x4)
 *(.text*)
 .text          0x100022e0       0x40 c:/users/oleh/modustoolbox_1.1/tools/gcc-7.2.1-1.0/bin/../lib/gcc/arm-none-eabi/7.2.1/thumb/v7e-m/fpv4-sp/softfp/crtbegin.o
 .text._write   0x10002320       0x22 ./psoc6sw-1.1/components/psoc6pdl/utilities/retarget_io/retarget.o
                0x10002320                _write
 .text._read    0x10002342       0x2a ./psoc6sw-1.1/components/psoc6pdl/utilities/retarget_io/retarget.o
                0x10002342                _read
 .text          0x1000236c       0x84 ./psoc6sw-1.1/components/psoc6pdl/devices/psoc6/startup/gcc/startup_psoc6_02_cm4.o
                0x1000236c                Cy_OnResetUser
                0x1000236e                Reset_Handler
                0x100023d0                cpuss_interrupts_dw0_5_IRQHandler
                0x100023d0                cpuss_interrupts_dw1_28_IRQHandler
                0x100023d0                cpuss_interrupts_ipc_6_IRQHandler
                0x100023d0                DebugMon_Handler
                0x100023d0                tcpwm_1_interrupts_11_IRQHandler
                0x100023d0                cpuss_interrupts_dw1_24_IRQHandler
                0x100023d0                cpuss_interrupts_ipc_0_IRQHandler
                0x100023d0                tcpwm_1_interrupts_15_IRQHandler
                0x100023d0                cpuss_interrupts_dw0_23_IRQHandler
                0x100023d0                cpuss_interrupts_dw1_18_IRQHandler
                0x100023d0                cpuss_interrupts_dw1_21_IRQHandler
                0x100023d0                tcpwm_1_interrupts_13_IRQHandler
                0x100023d0                cpuss_interrupts_dw1_8_IRQHandler
                0x100023d0                tcpwm_0_interrupts_0_IRQHandler
                0x100023d0                SysTick_Handler
                0x100023d0                cpuss_interrupt_fm_IRQHandler
                0x100023d0                lpcomp_interrupt_IRQHandler
                0x100023d0                tcpwm_1_interrupts_14_IRQHandler
                0x100023d0                cpuss_interrupts_dmac_0_IRQHandler
                0x100023d0                cpuss_interrupts_dw0_11_IRQHandler
                0x100023d0                tcpwm_1_interrupts_9_IRQHandler
                0x100023d0                cpuss_interrupts_cm0_cti_1_IRQHandler
                0x100023d0                tcpwm_1_interrupts_22_IRQHandler
                0x100023d0                cpuss_interrupts_dw0_4_IRQHandler
                0x100023d0                PendSV_Handler
                0x100023d0                NMI_Handler
                0x100023d0                scb_10_interrupt_IRQHandler
                0x100023d0                cpuss_interrupts_dw1_12_IRQHandler
                0x100023d0                tcpwm_1_interrupts_12_IRQHandler
                0x100023d0                smif_interrupt_IRQHandler
                0x100023d0                tcpwm_1_interrupts_2_IRQHandler
                0x100023d0                cpuss_interrupts_ipc_13_IRQHandler
                0x100023d0                tcpwm_1_interrupts_18_IRQHandler
                0x100023d0                cpuss_interrupts_ipc_7_IRQHandler
                0x100023d0                tcpwm_0_interrupts_2_IRQHandler
                0x100023d0                cpuss_interrupts_dw0_13_IRQHandler
                0x100023d0                cpuss_interrupts_dw1_7_IRQHandler
                0x100023d0                ioss_interrupts_gpio_1_IRQHandler
                0x100023d0                ioss_interrupts_gpio_7_IRQHandler
                0x100023d0                cpuss_interrupts_dw0_24_IRQHandler
                0x100023d0                scb_5_interrupt_IRQHandler
                0x100023d0                cpuss_interrupts_fault_1_IRQHandler
                0x100023d0                cpuss_interrupts_ipc_4_IRQHandler
                0x100023d0                cpuss_interrupts_ipc_5_IRQHandler
                0x100023d0                cpuss_interrupts_dw0_19_IRQHandler
                0x100023d0                cpuss_interrupts_dw1_10_IRQHandler
                0x100023d0                audioss_0_interrupt_i2s_IRQHandler
                0x100023d0                tcpwm_1_interrupts_6_IRQHandler
                0x100023d0                scb_4_interrupt_IRQHandler
                0x100023d0                ioss_interrupts_gpio_2_IRQHandler
                0x100023d0                cpuss_interrupts_dw0_27_IRQHandler
                0x100023d0                cpuss_interrupts_dw1_9_IRQHandler
                0x100023d0                cpuss_interrupts_dw1_13_IRQHandler
                0x100023d0                scb_2_interrupt_IRQHandler
                0x100023d0                cpuss_interrupts_dw1_20_IRQHandler
                0x100023d0                ioss_interrupts_gpio_13_IRQHandler
                0x100023d0                cpuss_interrupts_dmac_3_IRQHandler
                0x100023d0                cpuss_interrupts_cm4_fp_IRQHandler
                0x100023d0                srss_interrupt_IRQHandler
                0x100023d0                scb_0_interrupt_IRQHandler
                0x100023d0                csd_interrupt_IRQHandler
                0x100023d0                cpuss_interrupts_dw0_18_IRQHandler
                0x100023d0                profile_interrupt_IRQHandler
                0x100023d0                tcpwm_1_interrupts_1_IRQHandler
                0x100023d0                scb_12_interrupt_IRQHandler
                0x100023d0                audioss_0_interrupt_pdm_IRQHandler
                0x100023d0                cpuss_interrupts_dw1_25_IRQHandler
                0x100023d0                sdhc_0_interrupt_wakeup_IRQHandler
                0x100023d0                cpuss_interrupts_ipc_12_IRQHandler
                0x100023d0                tcpwm_1_interrupts_3_IRQHandler
                0x100023d0                tcpwm_0_interrupts_7_IRQHandler
                0x100023d0                cpuss_interrupts_dw1_1_IRQHandler
                0x100023d0                cpuss_interrupts_dw1_0_IRQHandler
                0x100023d0                cpuss_interrupts_dw0_9_IRQHandler
                0x100023d0                scb_11_interrupt_IRQHandler
                0x100023d0                tcpwm_1_interrupts_23_IRQHandler
                0x100023d0                tcpwm_1_interrupts_20_IRQHandler
                0x100023d0                ioss_interrupt_gpio_IRQHandler
                0x100023d0                tcpwm_0_interrupts_1_IRQHandler
                0x100023d0                sdhc_0_interrupt_general_IRQHandler
                0x100023d0                ioss_interrupts_gpio_8_IRQHandler
                0x100023d0                tcpwm_0_interrupts_6_IRQHandler
                0x100023d0                scb_7_interrupt_IRQHandler
                0x100023d0                tcpwm_1_interrupts_7_IRQHandler
                0x100023d0                cpuss_interrupts_ipc_11_IRQHandler
                0x100023d0                cpuss_interrupts_dw0_15_IRQHandler
                0x100023d0                cpuss_interrupts_dw1_6_IRQHandler
                0x100023d0                cpuss_interrupt_crypto_IRQHandler
                0x100023d0                scb_1_interrupt_IRQHandler
                0x100023d0                Default_Handler
                0x100023d0                usb_interrupt_hi_IRQHandler
                0x100023d0                tcpwm_1_interrupts_0_IRQHandler
                0x100023d0                scb_9_interrupt_IRQHandler
                0x100023d0                srss_interrupt_mcwdt_0_IRQHandler
                0x100023d0                cpuss_interrupts_dmac_1_IRQHandler
                0x100023d0                scb_3_interrupt_IRQHandler
                0x100023d0                cpuss_interrupts_dw0_16_IRQHandler
                0x100023d0                ioss_interrupts_gpio_3_IRQHandler
                0x100023d0                scb_6_interrupt_IRQHandler
                0x100023d0                cpuss_interrupts_cm4_cti_0_IRQHandler
                0x100023d0                cpuss_interrupts_dw1_26_IRQHandler
                0x100023d0                cpuss_interrupts_dw1_3_IRQHandler
                0x100023d0                pass_interrupt_sar_IRQHandler
                0x100023d0                ioss_interrupts_gpio_0_IRQHandler
                0x100023d0                cpuss_interrupts_dw1_17_IRQHandler
                0x100023d0                sdhc_1_interrupt_general_IRQHandler
                0x100023d0                ioss_interrupts_gpio_14_IRQHandler
                0x100023d0                tcpwm_0_interrupts_4_IRQHandler
                0x100023d0                tcpwm_0_interrupts_5_IRQHandler
                0x100023d0                cpuss_interrupts_dw1_16_IRQHandler
                0x100023d0                cpuss_interrupts_ipc_15_IRQHandler
                0x100023d0                cpuss_interrupts_cm4_cti_1_IRQHandler
                0x100023d0                scb_8_interrupt_IRQHandler
                0x100023d0                srss_interrupt_mcwdt_1_IRQHandler
                0x100023d0                cpuss_interrupts_cm0_cti_0_IRQHandler
                0x100023d0                SVC_Handler
                0x100023d0                cpuss_interrupts_dw1_27_IRQHandler
                0x100023d0                cpuss_interrupts_dw0_20_IRQHandler
                0x100023d0                cpuss_interrupts_dw1_5_IRQHandler
                0x100023d0                audioss_1_interrupt_i2s_IRQHandler
                0x100023d0                cpuss_interrupts_ipc_1_IRQHandler
                0x100023d0                cpuss_interrupts_dw0_0_IRQHandler
                0x100023d0                ioss_interrupts_gpio_12_IRQHandler
                0x100023d0                cpuss_interrupts_dw0_17_IRQHandler
                0x100023d0                cpuss_interrupts_ipc_3_IRQHandler
                0x100023d0                cpuss_interrupts_dw1_22_IRQHandler
                0x100023d0                cpuss_interrupts_dw1_23_IRQHandler
                0x100023d0                tcpwm_1_interrupts_17_IRQHandler
                0x100023d0                srss_interrupt_backup_IRQHandler
                0x100023d0                cpuss_interrupts_dw0_26_IRQHandler
                0x100023d0                cpuss_interrupts_ipc_10_IRQHandler
                0x100023d0                cpuss_interrupts_ipc_9_IRQHandler
                0x100023d0                cpuss_interrupts_dw0_14_IRQHandler
                0x100023d0                tcpwm_1_interrupts_4_IRQHandler
                0x100023d0                tcpwm_0_interrupts_3_IRQHandler
                0x100023d0                cpuss_interrupts_dw1_15_IRQHandler
                0x100023d0                ioss_interrupts_gpio_10_IRQHandler
                0x100023d0                cpuss_interrupts_dw0_8_IRQHandler
                0x100023d0                cpuss_interrupts_dmac_2_IRQHandler
                0x100023d0                ioss_interrupts_gpio_11_IRQHandler
                0x100023d0                cpuss_interrupts_ipc_14_IRQHandler
                0x100023d0                ioss_interrupts_gpio_5_IRQHandler
                0x100023d0                ioss_interrupts_gpio_4_IRQHandler
                0x100023d0                tcpwm_1_interrupts_8_IRQHandler
                0x100023d0                cpuss_interrupts_dw1_14_IRQHandler
                0x100023d0                cpuss_interrupts_dw0_22_IRQHandler
                0x100023d0                usb_interrupt_med_IRQHandler
                0x100023d0                cpuss_interrupts_dw0_2_IRQHandler
                0x100023d0                tcpwm_1_interrupts_10_IRQHandler
                0x100023d0                cpuss_interrupts_dw0_28_IRQHandler
                0x100023d0                cpuss_interrupts_fault_0_IRQHandler
                0x100023d0                cpuss_interrupts_dw0_12_IRQHandler
                0x100023d0                ioss_interrupts_gpio_6_IRQHandler
                0x100023d0                tcpwm_1_interrupts_21_IRQHandler
                0x100023d0                tcpwm_1_interrupts_16_IRQHandler
                0x100023d0                cpuss_interrupts_dw1_4_IRQHandler
                0x100023d0                cpuss_interrupts_dw1_11_IRQHandler
                0x100023d0                cpuss_interrupts_dw0_6_IRQHandler
                0x100023d0                cpuss_interrupts_dw0_25_IRQHandler
                0x100023d0                ioss_interrupt_vdd_IRQHandler
                0x100023d0                cpuss_interrupts_dw1_2_IRQHandler
                0x100023d0                tcpwm_1_interrupts_5_IRQHandler
                0x100023d0                cpuss_interrupts_ipc_2_IRQHandler
                0x100023d0                cpuss_interrupts_dw0_10_IRQHandler
                0x100023d0                cpuss_interrupts_dw1_19_IRQHandler
                0x100023d0                tcpwm_1_interrupts_19_IRQHandler
                0x100023d0                cpuss_interrupts_dw0_1_IRQHandler
                0x100023d0                ioss_interrupts_gpio_9_IRQHandler
                0x100023d0                sdhc_1_interrupt_wakeup_IRQHandler
                0x100023d0                usb_interrupt_lo_IRQHandler
                0x100023d0                cpuss_interrupts_ipc_8_IRQHandler
                0x100023d0                cpuss_interrupts_dw0_21_IRQHandler
                0x100023d0                cpuss_interrupts_dw0_7_IRQHandler
                0x100023d0                cpuss_interrupts_dw0_3_IRQHandler
                0x100023d4                UsageFault_Handler
                0x100023d4                HardFault_Handler
                0x100023d4                MemManage_Handler
                0x100023d4                BusFault_Handler
 .text.Cy_SysIpcPipeIsrCm4
                0x100023f0        0xa ./psoc6sw-1.1/components/psoc6pdl/devices/psoc6/startup/system_psoc6_cm4.o
                0x100023f0                Cy_SysIpcPipeIsrCm4
 .text.Cy_SystemInit
                0x100023fa        0x2 ./psoc6sw-1.1/components/psoc6pdl/devices/psoc6/startup/system_psoc6_cm4.o
                0x100023fa                Cy_SystemInit
 .text.SystemCoreClockUpdate
                0x100023fc      0x1b8 ./psoc6sw-1.1/components/psoc6pdl/devices/psoc6/startup/system_psoc6_cm4.o
                0x100023fc                SystemCoreClockUpdate
 .text.SystemInit
                0x100025b4       0x44 ./psoc6sw-1.1/components/psoc6pdl/devices/psoc6/startup/system_psoc6_cm4.o
                0x100025b4                SystemInit
 .text.Cy_SystemInitFpuEnable
                0x100025f8       0x28 ./psoc6sw-1.1/components/psoc6pdl/devices/psoc6/startup/system_psoc6_cm4.o
                0x100025f8                Cy_SystemInitFpuEnable
 .text.SD_Host_User_Isr
                0x10002620       0x30 ./Source/main.o
                0x10002620                SD_Host_User_Isr
 .text.Cy_SD_Host_IsCardConnected
                0x10002650        0x4 ./Source/main.o
                0x10002650                Cy_SD_Host_IsCardConnected
 .text.main     0x10002654      0x138 ./Source/main.o
                0x10002654                main
 .text.STDIO_PutChar
                0x1000278c       0x18 ./Source/stdio_user.o
                0x1000278c                STDIO_PutChar
 .text.STDIO_GetChar
                0x100027a4       0x1c ./Source/stdio_user.o
                0x100027a4                STDIO_GetChar
 .text.init_cycfg_all
                0x100027c0       0x18 ./GeneratedSource/cycfg.o
                0x100027c0                init_cycfg_all
 .text.init_cycfg_clocks
                0x100027d8       0x4c ./GeneratedSource/cycfg_clocks.o
                0x100027d8                init_cycfg_clocks
 .text.init_cycfg_peripherals
                0x10002824       0x1c ./GeneratedSource/cycfg_peripherals.o
                0x10002824                init_cycfg_peripherals
 .text.init_cycfg_pins
                0x10002840      0x110 ./GeneratedSource/cycfg_pins.o
                0x10002840                init_cycfg_pins
 .text.cycfg_ClockStartupError
                0x10002950        0x2 ./GeneratedSource/cycfg_platform.o
                0x10002950                cycfg_ClockStartupError
 *fill*         0x10002952        0x2 
 .text.init_cycfg_platform
                0x10002954      0x33c ./GeneratedSource/cycfg_platform.o
                0x10002954                init_cycfg_platform
 .text.init_cycfg_routing
                0x10002c90        0x2 ./GeneratedSource/cycfg_routing.o
                0x10002c90                init_cycfg_routing
 *fill*         0x10002c92        0x6 
 .text          0x10002c98       0x20 E:/Programming/Cypress/PSoC6/psoc6pdl_Cortex-M4/Debug/libpsoc6pdl_Cortex-M4.a(cy_syslib_gcc.o)
                0x10002c98                Cy_SysLib_DelayCycles
                0x10002caa                Cy_SysLib_EnterCriticalSection
                0x10002cb2                Cy_SysLib_ExitCriticalSection
 .text.Cy_PDL_Init
                0x10002cb8        0xc E:/Programming/Cypress/PSoC6/psoc6pdl_Cortex-M4/Debug/libpsoc6pdl_Cortex-M4.a(cy_device.o)
                0x10002cb8                Cy_PDL_Init
 .text.Cy_GPIO_Pin_Init
                0x10002cc4      0x360 E:/Programming/Cypress/PSoC6/psoc6pdl_Cortex-M4/Debug/libpsoc6pdl_Cortex-M4.a(cy_gpio.o)
                0x10002cc4                Cy_GPIO_Pin_Init
 .text.Cy_IPC_Pipe_Config
                0x10003024       0x14 E:/Programming/Cypress/PSoC6/psoc6pdl_Cortex-M4/Debug/libpsoc6pdl_Cortex-M4.a(cy_ipc_pipe.o)
                0x10003024                Cy_IPC_Pipe_Config
 .text.Cy_IPC_Pipe_EndpointInit
                0x10003038       0xdc E:/Programming/Cypress/PSoC6/psoc6pdl_Cortex-M4/Debug/libpsoc6pdl_Cortex-M4.a(cy_ipc_pipe.o)
                0x10003038                Cy_IPC_Pipe_EndpointInit
 .text.Cy_IPC_Pipe_Init
                0x10003114       0xc0 E:/Programming/Cypress/PSoC6/psoc6pdl_Cortex-M4/Debug/libpsoc6pdl_Cortex-M4.a(cy_ipc_pipe.o)
                0x10003114                Cy_IPC_Pipe_Init
 .text.Cy_IPC_Pipe_ExecCallback
                0x100031d4       0xcc E:/Programming/Cypress/PSoC6/psoc6pdl_Cortex-M4/Debug/libpsoc6pdl_Cortex-M4.a(cy_ipc_pipe.o)
                0x100031d4                Cy_IPC_Pipe_ExecCallback
 .text.Cy_IPC_Pipe_ExecuteCallback
                0x100032a0       0x30 E:/Programming/Cypress/PSoC6/psoc6pdl_Cortex-M4/Debug/libpsoc6pdl_Cortex-M4.a(cy_ipc_pipe.o)
                0x100032a0                Cy_IPC_Pipe_ExecuteCallback
 .text.Cy_IPC_Sema_InitExt
                0x100032d0       0xac E:/Programming/Cypress/PSoC6/psoc6pdl_Cortex-M4/Debug/libpsoc6pdl_Cortex-M4.a(cy_ipc_sema.o)
                0x100032d0                Cy_IPC_Sema_InitExt
 .text.Cy_IPC_Sema_Init
                0x1000337c       0x6c E:/Programming/Cypress/PSoC6/psoc6pdl_Cortex-M4/Debug/libpsoc6pdl_Cortex-M4.a(cy_ipc_sema.o)
                0x1000337c                Cy_IPC_Sema_Init
 .text.Cy_SCB_Write
                0x100033e8       0x26 E:/Programming/Cypress/PSoC6/psoc6pdl_Cortex-M4/Debug/libpsoc6pdl_Cortex-M4.a(cy_scb_common.o)
                0x100033e8                Cy_SCB_Write
 *fill*         0x1000340e        0x2 
 .text.Cy_SCB_UART_Init
                0x10003410      0x3a4 E:/Programming/Cypress/PSoC6/psoc6pdl_Cortex-M4/Debug/libpsoc6pdl_Cortex-M4.a(cy_scb_uart.o)
                0x10003410                Cy_SCB_UART_Init
 .text.Cy_SD_Host_NormalReset
                0x100037b4       0x12 E:/Programming/Cypress/PSoC6/psoc6pdl_Cortex-M4/Debug/libpsoc6pdl_Cortex-M4.a(cy_sd_host.o)
 *fill*         0x100037c6        0x2 
 .text.Cy_SD_Host_CmdRxData
                0x100037c8       0xf4 E:/Programming/Cypress/PSoC6/psoc6pdl_Cortex-M4/Debug/libpsoc6pdl_Cortex-M4.a(cy_sd_host.o)
 .text.Cy_SD_Host_SendCommand
                0x100038bc       0xe8 E:/Programming/Cypress/PSoC6/psoc6pdl_Cortex-M4/Debug/libpsoc6pdl_Cortex-M4.a(cy_sd_host.o)
                0x100038bc                Cy_SD_Host_SendCommand
 .text.Cy_SD_Host_OpsGoIdle
                0x100039a4       0x68 E:/Programming/Cypress/PSoC6/psoc6pdl_Cortex-M4/Debug/libpsoc6pdl_Cortex-M4.a(cy_sd_host.o)
 .text.Cy_SD_Host_OpsSendAppCmd
                0x10003a0c       0x70 E:/Programming/Cypress/PSoC6/psoc6pdl_Cortex-M4/Debug/libpsoc6pdl_Cortex-M4.a(cy_sd_host.o)
 .text.Cy_SD_Host_OpsSelectCard
                0x10003a7c       0x94 E:/Programming/Cypress/PSoC6/psoc6pdl_Cortex-M4/Debug/libpsoc6pdl_Cortex-M4.a(cy_sd_host.o)
 .text.Cy_SD_Host_OpsSwitchFunc
                0x10003b10       0x6c E:/Programming/Cypress/PSoC6/psoc6pdl_Cortex-M4/Debug/libpsoc6pdl_Cortex-M4.a(cy_sd_host.o)
 .text.Cy_SD_Host_OpsSendIoRwDirectCmd
                0x10003b7c       0x94 E:/Programming/Cypress/PSoC6/psoc6pdl_Cortex-M4/Debug/libpsoc6pdl_Cortex-M4.a(cy_sd_host.o)
 .text.Cy_SD_Host_Init
                0x10003c10       0xf4 E:/Programming/Cypress/PSoC6/psoc6pdl_Cortex-M4/Debug/libpsoc6pdl_Cortex-M4.a(cy_sd_host.o)
                0x10003c10                Cy_SD_Host_Init
 .text.Cy_SD_Host_Enable
                0x10003d04       0x3e E:/Programming/Cypress/PSoC6/psoc6pdl_Cortex-M4/Debug/libpsoc6pdl_Cortex-M4.a(cy_sd_host.o)
                0x10003d04                Cy_SD_Host_Enable
 *fill*         0x10003d42        0x2 
 .text.Cy_SD_Host_SetSdClkDiv
                0x10003d44       0x34 E:/Programming/Cypress/PSoC6/psoc6pdl_Cortex-M4/Debug/libpsoc6pdl_Cortex-M4.a(cy_sd_host.o)
                0x10003d44                Cy_SD_Host_SetSdClkDiv
 .text.Cy_SD_Host_SdCardChangeClock
                0x10003d78       0x6c E:/Programming/Cypress/PSoC6/psoc6pdl_Cortex-M4/Debug/libpsoc6pdl_Cortex-M4.a(cy_sd_host.o)
 .text.Cy_SD_Host_SetHostBusWidth
                0x10003de4       0x40 E:/Programming/Cypress/PSoC6/psoc6pdl_Cortex-M4/Debug/libpsoc6pdl_Cortex-M4.a(cy_sd_host.o)
                0x10003de4                Cy_SD_Host_SetHostBusWidth
 .text.Cy_SD_Host_SetBusWidth
                0x10003e24      0x11c E:/Programming/Cypress/PSoC6/psoc6pdl_Cortex-M4/Debug/libpsoc6pdl_Cortex-M4.a(cy_sd_host.o)
                0x10003e24                Cy_SD_Host_SetBusWidth
 .text.Cy_SD_Host_SetHostSpeedMode
                0x10003f40       0x68 E:/Programming/Cypress/PSoC6/psoc6pdl_Cortex-M4/Debug/libpsoc6pdl_Cortex-M4.a(cy_sd_host.o)
                0x10003f40                Cy_SD_Host_SetHostSpeedMode
 .text.Cy_SD_Host_EnableCardVoltage
                0x10003fa8       0x12 E:/Programming/Cypress/PSoC6/psoc6pdl_Cortex-M4/Debug/libpsoc6pdl_Cortex-M4.a(cy_sd_host.o)
                0x10003fa8                Cy_SD_Host_EnableCardVoltage
 .text.Cy_SD_Host_DisableCardVoltage
                0x10003fba        0xe E:/Programming/Cypress/PSoC6/psoc6pdl_Cortex-M4/Debug/libpsoc6pdl_Cortex-M4.a(cy_sd_host.o)
                0x10003fba                Cy_SD_Host_DisableCardVoltage
 .text.Cy_SD_Host_GetResponse
                0x10003fc8       0x3c E:/Programming/Cypress/PSoC6/psoc6pdl_Cortex-M4/Debug/libpsoc6pdl_Cortex-M4.a(cy_sd_host.o)
                0x10003fc8                Cy_SD_Host_GetResponse
 .text.Cy_SD_Host_OpsSdioSendOpCond
                0x10004004       0x7c E:/Programming/Cypress/PSoC6/psoc6pdl_Cortex-M4/Debug/libpsoc6pdl_Cortex-M4.a(cy_sd_host.o)
 .text.Cy_SD_Host_OpsSdSendOpCond
                0x10004080       0xa4 E:/Programming/Cypress/PSoC6/psoc6pdl_Cortex-M4/Debug/libpsoc6pdl_Cortex-M4.a(cy_sd_host.o)
 .text.Cy_SD_Host_GetCid
                0x10004124       0xa4 E:/Programming/Cypress/PSoC6/psoc6pdl_Cortex-M4/Debug/libpsoc6pdl_Cortex-M4.a(cy_sd_host.o)
                0x10004124                Cy_SD_Host_GetCid
 .text.Cy_SD_Host_GetCsd
                0x100041c8      0x118 E:/Programming/Cypress/PSoC6/psoc6pdl_Cortex-M4/Debug/libpsoc6pdl_Cortex-M4.a(cy_sd_host.o)
                0x100041c8                Cy_SD_Host_GetCsd
 .text.Cy_SD_Host_GetRca
                0x100042e0       0x6e E:/Programming/Cypress/PSoC6/psoc6pdl_Cortex-M4/Debug/libpsoc6pdl_Cortex-M4.a(cy_sd_host.o)
                0x100042e0                Cy_SD_Host_GetRca
 *fill*         0x1000434e        0x2 
 .text.Cy_SD_Host_SetBusSpeedMode
                0x10004350      0x130 E:/Programming/Cypress/PSoC6/psoc6pdl_Cortex-M4/Debug/libpsoc6pdl_Cortex-M4.a(cy_sd_host.o)
                0x10004350                Cy_SD_Host_SetBusSpeedMode
 .text.Cy_SD_Host_InitDataTransfer
                0x10004480      0x228 E:/Programming/Cypress/PSoC6/psoc6pdl_Cortex-M4/Debug/libpsoc6pdl_Cortex-M4.a(cy_sd_host.o)
                0x10004480                Cy_SD_Host_InitDataTransfer
 .text.Cy_SD_Host_Read
                0x100046a8      0x168 E:/Programming/Cypress/PSoC6/psoc6pdl_Cortex-M4/Debug/libpsoc6pdl_Cortex-M4.a(cy_sd_host.o)
                0x100046a8                Cy_SD_Host_Read
 .text.Cy_SD_Host_Write
                0x10004810      0x238 E:/Programming/Cypress/PSoC6/psoc6pdl_Cortex-M4/Debug/libpsoc6pdl_Cortex-M4.a(cy_sd_host.o)
                0x10004810                Cy_SD_Host_Write
 .text.Cy_SD_Host_GetExtCsd
                0x10004a48       0xdc E:/Programming/Cypress/PSoC6/psoc6pdl_Cortex-M4/Debug/libpsoc6pdl_Cortex-M4.a(cy_sd_host.o)
                0x10004a48                Cy_SD_Host_GetExtCsd
 .text.Cy_SD_Host_ChangeIoVoltage
                0x10004b24       0x22 E:/Programming/Cypress/PSoC6/psoc6pdl_Cortex-M4/Debug/libpsoc6pdl_Cortex-M4.a(cy_sd_host.o)
                0x10004b24                Cy_SD_Host_ChangeIoVoltage
 .text.Cy_SD_Host_SoftwareReset
                0x10004b46       0x7c E:/Programming/Cypress/PSoC6/psoc6pdl_Cortex-M4/Debug/libpsoc6pdl_Cortex-M4.a(cy_sd_host.o)
                0x10004b46                Cy_SD_Host_SoftwareReset
 .text.Cy_SD_Host_ErrorReset
                0x10004bc2       0x1c E:/Programming/Cypress/PSoC6/psoc6pdl_Cortex-M4/Debug/libpsoc6pdl_Cortex-M4.a(cy_sd_host.o)
 *fill*         0x10004bde        0x2 
 .text.Cy_SD_Host_eMMC_InitCard
                0x10004be0      0x264 E:/Programming/Cypress/PSoC6/psoc6pdl_Cortex-M4/Debug/libpsoc6pdl_Cortex-M4.a(cy_sd_host.o)
 .text.Cy_SD_Host_GetPresentState
                0x10004e44        0x8 E:/Programming/Cypress/PSoC6/psoc6pdl_Cortex-M4/Debug/libpsoc6pdl_Cortex-M4.a(cy_sd_host.o)
                0x10004e44                Cy_SD_Host_GetPresentState
 .text.Cy_SD_Host_OpsVoltageSwitch
                0x10004e4c       0xf8 E:/Programming/Cypress/PSoC6/psoc6pdl_Cortex-M4/Debug/libpsoc6pdl_Cortex-M4.a(cy_sd_host.o)
 .text.Cy_SD_Host_InitCard
                0x10004f44      0x658 E:/Programming/Cypress/PSoC6/psoc6pdl_Cortex-M4/Debug/libpsoc6pdl_Cortex-M4.a(cy_sd_host.o)
                0x10004f44                Cy_SD_Host_InitCard
 .text.Cy_SysClk_ClkPathSetSource
                0x1000559c       0x5c E:/Programming/Cypress/PSoC6/psoc6pdl_Cortex-M4/Debug/libpsoc6pdl_Cortex-M4.a(cy_sysclk.o)
                0x1000559c                Cy_SysClk_ClkPathSetSource
 .text.Cy_SysClk_ClkPathGetSource
                0x100055f8       0x4c E:/Programming/Cypress/PSoC6/psoc6pdl_Cortex-M4/Debug/libpsoc6pdl_Cortex-M4.a(cy_sysclk.o)
                0x100055f8                Cy_SysClk_ClkPathGetSource
 .text.Cy_SysClk_FllManualConfigure
                0x10005644      0x164 E:/Programming/Cypress/PSoC6/psoc6pdl_Cortex-M4/Debug/libpsoc6pdl_Cortex-M4.a(cy_sysclk.o)
                0x10005644                Cy_SysClk_FllManualConfigure
 .text.Cy_SysClk_FllEnable
                0x100057a8       0xc4 E:/Programming/Cypress/PSoC6/psoc6pdl_Cortex-M4/Debug/libpsoc6pdl_Cortex-M4.a(cy_sysclk.o)
                0x100057a8                Cy_SysClk_FllEnable
 .text.Cy_SysInt_SetVector
                0x1000586c       0x48 E:/Programming/Cypress/PSoC6/psoc6pdl_Cortex-M4/Debug/libpsoc6pdl_Cortex-M4.a(cy_sysint.o)
                0x1000586c                Cy_SysInt_SetVector
 .text.Cy_SysInt_Init
                0x100058b4       0x74 E:/Programming/Cypress/PSoC6/psoc6pdl_Cortex-M4/Debug/libpsoc6pdl_Cortex-M4.a(cy_sysint.o)
                0x100058b4                Cy_SysInt_Init
 .text.Cy_SysLib_Delay
                0x10005928       0x30 E:/Programming/Cypress/PSoC6/psoc6pdl_Cortex-M4/Debug/libpsoc6pdl_Cortex-M4.a(cy_syslib.o)
                0x10005928                Cy_SysLib_Delay
 .text.Cy_SysLib_DelayUs
                0x10005958       0x14 E:/Programming/Cypress/PSoC6/psoc6pdl_Cortex-M4/Debug/libpsoc6pdl_Cortex-M4.a(cy_syslib.o)
                0x10005958                Cy_SysLib_DelayUs
 .text.Cy_SysLib_Halt
                0x1000596c        0x4 E:/Programming/Cypress/PSoC6/psoc6pdl_Cortex-M4/Debug/libpsoc6pdl_Cortex-M4.a(cy_syslib.o)
                0x1000596c                Cy_SysLib_Halt
 .text.Cy_SysLib_AssertFailed
                0x10005970       0x1c E:/Programming/Cypress/PSoC6/psoc6pdl_Cortex-M4/Debug/libpsoc6pdl_Cortex-M4.a(cy_syslib.o)
                0x10005970                Cy_SysLib_AssertFailed
 .text.Cy_SysLib_ResetBackupDomain
                0x1000598c       0x20 E:/Programming/Cypress/PSoC6/psoc6pdl_Cortex-M4/Debug/libpsoc6pdl_Cortex-M4.a(cy_syslib.o)
                0x1000598c                Cy_SysLib_ResetBackupDomain
 .text.Cy_SysLib_GetResetReason
                0x100059ac       0x18 E:/Programming/Cypress/PSoC6/psoc6pdl_Cortex-M4/Debug/libpsoc6pdl_Cortex-M4.a(cy_syslib.o)
                0x100059ac                Cy_SysLib_GetResetReason
 .text.Cy_SysLib_ProcessingFault
                0x100059c4        0x2 E:/Programming/Cypress/PSoC6/psoc6pdl_Cortex-M4/Debug/libpsoc6pdl_Cortex-M4.a(cy_syslib.o)
                0x100059c4                Cy_SysLib_ProcessingFault
 *fill*         0x100059c6        0x2 
 .text.Cy_SysLib_FaultHandler
                0x100059c8       0xa4 E:/Programming/Cypress/PSoC6/psoc6pdl_Cortex-M4/Debug/libpsoc6pdl_Cortex-M4.a(cy_syslib.o)
                0x100059c8                Cy_SysLib_FaultHandler
 .text.Cy_SysLib_SetWaitStates
                0x10005a6c       0xcc E:/Programming/Cypress/PSoC6/psoc6pdl_Cortex-M4/Debug/libpsoc6pdl_Cortex-M4.a(cy_syslib.o)
                0x10005a6c                Cy_SysLib_SetWaitStates
 .text.SetReadMarginTrimUlp
                0x10005b38       0x84 E:/Programming/Cypress/PSoC6/psoc6pdl_Cortex-M4/Debug/libpsoc6pdl_Cortex-M4.a(cy_syspm.o)
 .text.SetReadMarginTrimLp
                0x10005bbc       0x7c E:/Programming/Cypress/PSoC6/psoc6pdl_Cortex-M4/Debug/libpsoc6pdl_Cortex-M4.a(cy_syspm.o)
 .text.SetWriteAssistTrimUlp
                0x10005c38       0x58 E:/Programming/Cypress/PSoC6/psoc6pdl_Cortex-M4/Debug/libpsoc6pdl_Cortex-M4.a(cy_syspm.o)
 .text.SetWriteAssistTrimLp
                0x10005c90       0x68 E:/Programming/Cypress/PSoC6/psoc6pdl_Cortex-M4/Debug/libpsoc6pdl_Cortex-M4.a(cy_syspm.o)
 .text.IsVoltageChangePossible
                0x10005cf8       0x46 E:/Programming/Cypress/PSoC6/psoc6pdl_Cortex-M4/Debug/libpsoc6pdl_Cortex-M4.a(cy_syspm.o)
 *fill*         0x10005d3e        0x2 
 .text.Cy_SysPm_WriteVoltageBitForFlash
                0x10005d40      0x118 E:/Programming/Cypress/PSoC6/psoc6pdl_Cortex-M4/Debug/libpsoc6pdl_Cortex-M4.a(cy_syspm.o)
                0x10005d40                Cy_SysPm_WriteVoltageBitForFlash
 .text.Cy_SysPm_LdoSetVoltage
                0x10005e58       0xcc E:/Programming/Cypress/PSoC6/psoc6pdl_Cortex-M4/Debug/libpsoc6pdl_Cortex-M4.a(cy_syspm.o)
                0x10005e58                Cy_SysPm_LdoSetVoltage
 .text.Cy_IPC_Drv_LockRelease
                0x10005f24       0x40 E:/Programming/Cypress/PSoC6/psoc6pdl_Cortex-M4/Debug/libpsoc6pdl_Cortex-M4.a(cy_ipc_drv.o)
                0x10005f24                Cy_IPC_Drv_LockRelease
 .text.Cy_IPC_Drv_SendMsgWord
                0x10005f64       0x34 E:/Programming/Cypress/PSoC6/psoc6pdl_Cortex-M4/Debug/libpsoc6pdl_Cortex-M4.a(cy_ipc_drv.o)
                0x10005f64                Cy_IPC_Drv_SendMsgWord
 .text.Cy_IPC_Drv_ReadMsgWord
                0x10005f98       0x38 E:/Programming/Cypress/PSoC6/psoc6pdl_Cortex-M4/Debug/libpsoc6pdl_Cortex-M4.a(cy_ipc_drv.o)
                0x10005f98                Cy_IPC_Drv_ReadMsgWord
 .text.Cy_Prot_GetActivePC
                0x10005fd0       0x38 E:/Programming/Cypress/PSoC6/psoc6pdl_Cortex-M4/Debug/libpsoc6pdl_Cortex-M4.a(cy_prot.o)
                0x10005fd0                Cy_Prot_GetActivePC
 .text.memset   0x10006008       0x10 c:/users/oleh/modustoolbox_1.1/tools/gcc-7.2.1-1.0/bin/../lib/gcc/arm-none-eabi/7.2.1/../../../../arm-none-eabi/lib/thumb/v7e-m/fpv4-sp/softfp\libg_nano.a(lib_a-memset.o)
                0x10006008                memset
 .text.__cvt    0x10006018       0xbc c:/users/oleh/modustoolbox_1.1/tools/gcc-7.2.1-1.0/bin/../lib/gcc/arm-none-eabi/7.2.1/../../../../arm-none-eabi/lib/thumb/v7e-m/fpv4-sp/softfp\libg_nano.a(lib_a-nano-vfprintf_float.o)
                0x10006018                __cvt
 .text.__exponent
                0x100060d4       0x66 c:/users/oleh/modustoolbox_1.1/tools/gcc-7.2.1-1.0/bin/../lib/gcc/arm-none-eabi/7.2.1/../../../../arm-none-eabi/lib/thumb/v7e-m/fpv4-sp/softfp\libg_nano.a(lib_a-nano-vfprintf_float.o)
                0x100060d4                __exponent
 *fill*         0x1000613a        0x2 
 .text._printf_float
                0x1000613c      0x48c c:/users/oleh/modustoolbox_1.1/tools/gcc-7.2.1-1.0/bin/../lib/gcc/arm-none-eabi/7.2.1/../../../../arm-none-eabi/lib/thumb/v7e-m/fpv4-sp/softfp\libg_nano.a(lib_a-nano-vfprintf_float.o)
                0x1000613c                _printf_float
 .text._printf_common
                0x100065c8       0xea c:/users/oleh/modustoolbox_1.1/tools/gcc-7.2.1-1.0/bin/../lib/gcc/arm-none-eabi/7.2.1/../../../../arm-none-eabi/lib/thumb/v7e-m/fpv4-sp/softfp\libg_nano.a(lib_a-nano-vfprintf_i.o)
                0x100065c8                _printf_common
 *fill*         0x100066b2        0x2 
 .text._printf_i
                0x100066b4      0x224 c:/users/oleh/modustoolbox_1.1/tools/gcc-7.2.1-1.0/bin/../lib/gcc/arm-none-eabi/7.2.1/../../../../arm-none-eabi/lib/thumb/v7e-m/fpv4-sp/softfp\libg_nano.a(lib_a-nano-vfprintf_i.o)
                0x100066b4                _printf_i
 .text.printf   0x100068d8       0x30 c:/users/oleh/modustoolbox_1.1/tools/gcc-7.2.1-1.0/bin/../lib/gcc/arm-none-eabi/7.2.1/../../../../arm-none-eabi/lib/thumb/v7e-m/fpv4-sp/softfp\libg_nano.a(lib_a-printf.o)
                0x100068d8                iprintf
                0x100068d8                printf
 .text          0x10006908       0x10 c:/users/oleh/modustoolbox_1.1/tools/gcc-7.2.1-1.0/bin/../lib/gcc/arm-none-eabi/7.2.1/../../../../arm-none-eabi/lib/thumb/v7e-m/fpv4-sp/softfp\libg_nano.a(lib_a-strlen.o)
                0x10006908                strlen
 .text.strncpy  0x10006918       0x2a c:/users/oleh/modustoolbox_1.1/tools/gcc-7.2.1-1.0/bin/../lib/gcc/arm-none-eabi/7.2.1/../../../../arm-none-eabi/lib/thumb/v7e-m/fpv4-sp/softfp\libg_nano.a(lib_a-strncpy.o)
                0x10006918                strncpy
 .text.quorem   0x10006942      0x118 c:/users/oleh/modustoolbox_1.1/tools/gcc-7.2.1-1.0/bin/../lib/gcc/arm-none-eabi/7.2.1/../../../../arm-none-eabi/lib/thumb/v7e-m/fpv4-sp/softfp\libg_nano.a(lib_a-dtoa.o)
 *fill*         0x10006a5a        0x6 
 .text._dtoa_r  0x10006a60      0xb7c c:/users/oleh/modustoolbox_1.1/tools/gcc-7.2.1-1.0/bin/../lib/gcc/arm-none-eabi/7.2.1/../../../../arm-none-eabi/lib/thumb/v7e-m/fpv4-sp/softfp\libg_nano.a(lib_a-dtoa.o)
                0x10006a60                _dtoa_r
 .text.std      0x100075dc       0x48 c:/users/oleh/modustoolbox_1.1/tools/gcc-7.2.1-1.0/bin/../lib/gcc/arm-none-eabi/7.2.1/../../../../arm-none-eabi/lib/thumb/v7e-m/fpv4-sp/softfp\libg_nano.a(lib_a-findfp.o)
 .text._cleanup_r
                0x10007624        0xc c:/users/oleh/modustoolbox_1.1/tools/gcc-7.2.1-1.0/bin/../lib/gcc/arm-none-eabi/7.2.1/../../../../arm-none-eabi/lib/thumb/v7e-m/fpv4-sp/softfp\libg_nano.a(lib_a-findfp.o)
                0x10007624                _cleanup_r
 .text.__sfmoreglue
                0x10007630       0x2c c:/users/oleh/modustoolbox_1.1/tools/gcc-7.2.1-1.0/bin/../lib/gcc/arm-none-eabi/7.2.1/../../../../arm-none-eabi/lib/thumb/v7e-m/fpv4-sp/softfp\libg_nano.a(lib_a-findfp.o)
                0x10007630                __sfmoreglue
 .text.__sinit  0x1000765c       0x60 c:/users/oleh/modustoolbox_1.1/tools/gcc-7.2.1-1.0/bin/../lib/gcc/arm-none-eabi/7.2.1/../../../../arm-none-eabi/lib/thumb/v7e-m/fpv4-sp/softfp\libg_nano.a(lib_a-findfp.o)
                0x1000765c                __sinit
 .text.__sfp    0x100076bc       0x78 c:/users/oleh/modustoolbox_1.1/tools/gcc-7.2.1-1.0/bin/../lib/gcc/arm-none-eabi/7.2.1/../../../../arm-none-eabi/lib/thumb/v7e-m/fpv4-sp/softfp\libg_nano.a(lib_a-findfp.o)
                0x100076bc                __sfp
 .text._fwalk_reent
                0x10007734       0x3c c:/users/oleh/modustoolbox_1.1/tools/gcc-7.2.1-1.0/bin/../lib/gcc/arm-none-eabi/7.2.1/../../../../arm-none-eabi/lib/thumb/v7e-m/fpv4-sp/softfp\libg_nano.a(lib_a-fwalk.o)
                0x10007734                _fwalk_reent
 .text._localeconv_r
                0x10007770       0x1c c:/users/oleh/modustoolbox_1.1/tools/gcc-7.2.1-1.0/bin/../lib/gcc/arm-none-eabi/7.2.1/../../../../arm-none-eabi/lib/thumb/v7e-m/fpv4-sp/softfp\libg_nano.a(lib_a-localeconv.o)
                0x10007770                _localeconv_r
 .text.malloc   0x1000778c       0x10 c:/users/oleh/modustoolbox_1.1/tools/gcc-7.2.1-1.0/bin/../lib/gcc/arm-none-eabi/7.2.1/../../../../arm-none-eabi/lib/thumb/v7e-m/fpv4-sp/softfp\libg_nano.a(lib_a-malloc.o)
                0x1000778c                malloc
 .text.__ascii_mbtowc
                0x1000779c       0x24 c:/users/oleh/modustoolbox_1.1/tools/gcc-7.2.1-1.0/bin/../lib/gcc/arm-none-eabi/7.2.1/../../../../arm-none-eabi/lib/thumb/v7e-m/fpv4-sp/softfp\libg_nano.a(lib_a-mbtowc_r.o)
                0x1000779c                __ascii_mbtowc
 .text          0x100077c0       0xa0 c:/users/oleh/modustoolbox_1.1/tools/gcc-7.2.1-1.0/bin/../lib/gcc/arm-none-eabi/7.2.1/../../../../arm-none-eabi/lib/thumb/v7e-m/fpv4-sp/softfp\libg_nano.a(lib_a-memchr.o)
                0x100077c0                memchr
 .text.memcpy   0x10007860       0x16 c:/users/oleh/modustoolbox_1.1/tools/gcc-7.2.1-1.0/bin/../lib/gcc/arm-none-eabi/7.2.1/../../../../arm-none-eabi/lib/thumb/v7e-m/fpv4-sp/softfp\libg_nano.a(lib_a-memcpy-stub.o)
                0x10007860                memcpy
 .text._Balloc  0x10007876       0x68 c:/users/oleh/modustoolbox_1.1/tools/gcc-7.2.1-1.0/bin/../lib/gcc/arm-none-eabi/7.2.1/../../../../arm-none-eabi/lib/thumb/v7e-m/fpv4-sp/softfp\libg_nano.a(lib_a-mprec.o)
                0x10007876                _Balloc
 .text._Bfree   0x100078de       0x2e c:/users/oleh/modustoolbox_1.1/tools/gcc-7.2.1-1.0/bin/../lib/gcc/arm-none-eabi/7.2.1/../../../../arm-none-eabi/lib/thumb/v7e-m/fpv4-sp/softfp\libg_nano.a(lib_a-mprec.o)
                0x100078de                _Bfree
 .text.__multadd
                0x1000790c       0x76 c:/users/oleh/modustoolbox_1.1/tools/gcc-7.2.1-1.0/bin/../lib/gcc/arm-none-eabi/7.2.1/../../../../arm-none-eabi/lib/thumb/v7e-m/fpv4-sp/softfp\libg_nano.a(lib_a-mprec.o)
                0x1000790c                __multadd
 .text.__hi0bits
                0x10007982       0x3e c:/users/oleh/modustoolbox_1.1/tools/gcc-7.2.1-1.0/bin/../lib/gcc/arm-none-eabi/7.2.1/../../../../arm-none-eabi/lib/thumb/v7e-m/fpv4-sp/softfp\libg_nano.a(lib_a-mprec.o)
                0x10007982                __hi0bits
 .text.__lo0bits
                0x100079c0       0x5e c:/users/oleh/modustoolbox_1.1/tools/gcc-7.2.1-1.0/bin/../lib/gcc/arm-none-eabi/7.2.1/../../../../arm-none-eabi/lib/thumb/v7e-m/fpv4-sp/softfp\libg_nano.a(lib_a-mprec.o)
                0x100079c0                __lo0bits
 .text.__i2b    0x10007a1e       0x12 c:/users/oleh/modustoolbox_1.1/tools/gcc-7.2.1-1.0/bin/../lib/gcc/arm-none-eabi/7.2.1/../../../../arm-none-eabi/lib/thumb/v7e-m/fpv4-sp/softfp\libg_nano.a(lib_a-mprec.o)
                0x10007a1e                __i2b
 .text.__multiply
                0x10007a30      0x12c c:/users/oleh/modustoolbox_1.1/tools/gcc-7.2.1-1.0/bin/../lib/gcc/arm-none-eabi/7.2.1/../../../../arm-none-eabi/lib/thumb/v7e-m/fpv4-sp/softfp\libg_nano.a(lib_a-mprec.o)
                0x10007a30                __multiply
 .text.__pow5mult
                0x10007b5c       0x9c c:/users/oleh/modustoolbox_1.1/tools/gcc-7.2.1-1.0/bin/../lib/gcc/arm-none-eabi/7.2.1/../../../../arm-none-eabi/lib/thumb/v7e-m/fpv4-sp/softfp\libg_nano.a(lib_a-mprec.o)
                0x10007b5c                __pow5mult
 .text.__lshift
                0x10007bf8       0xa8 c:/users/oleh/modustoolbox_1.1/tools/gcc-7.2.1-1.0/bin/../lib/gcc/arm-none-eabi/7.2.1/../../../../arm-none-eabi/lib/thumb/v7e-m/fpv4-sp/softfp\libg_nano.a(lib_a-mprec.o)
                0x10007bf8                __lshift
 .text.__mcmp   0x10007ca0       0x34 c:/users/oleh/modustoolbox_1.1/tools/gcc-7.2.1-1.0/bin/../lib/gcc/arm-none-eabi/7.2.1/../../../../arm-none-eabi/lib/thumb/v7e-m/fpv4-sp/softfp\libg_nano.a(lib_a-mprec.o)
                0x10007ca0                __mcmp
 .text.__mdiff  0x10007cd4       0xba c:/users/oleh/modustoolbox_1.1/tools/gcc-7.2.1-1.0/bin/../lib/gcc/arm-none-eabi/7.2.1/../../../../arm-none-eabi/lib/thumb/v7e-m/fpv4-sp/softfp\libg_nano.a(lib_a-mprec.o)
                0x10007cd4                __mdiff
 .text.__d2b    0x10007d8e       0x9e c:/users/oleh/modustoolbox_1.1/tools/gcc-7.2.1-1.0/bin/../lib/gcc/arm-none-eabi/7.2.1/../../../../arm-none-eabi/lib/thumb/v7e-m/fpv4-sp/softfp\libg_nano.a(lib_a-mprec.o)
                0x10007d8e                __d2b
 .text._calloc_r
                0x10007e2c       0x1c c:/users/oleh/modustoolbox_1.1/tools/gcc-7.2.1-1.0/bin/../lib/gcc/arm-none-eabi/7.2.1/../../../../arm-none-eabi/lib/thumb/v7e-m/fpv4-sp/softfp\libg_nano.a(lib_a-nano-callocr.o)
                0x10007e2c                _calloc_r
 .text._free_r  0x10007e48       0x9c c:/users/oleh/modustoolbox_1.1/tools/gcc-7.2.1-1.0/bin/../lib/gcc/arm-none-eabi/7.2.1/../../../../arm-none-eabi/lib/thumb/v7e-m/fpv4-sp/softfp\libg_nano.a(lib_a-nano-freer.o)
                0x10007e48                _free_r
 .text._malloc_r
                0x10007ee4       0xb4 c:/users/oleh/modustoolbox_1.1/tools/gcc-7.2.1-1.0/bin/../lib/gcc/arm-none-eabi/7.2.1/../../../../arm-none-eabi/lib/thumb/v7e-m/fpv4-sp/softfp\libg_nano.a(lib_a-nano-mallocr.o)
                0x10007ee4                _malloc_r
 .text.__sfputc_r
                0x10007f98       0x2e c:/users/oleh/modustoolbox_1.1/tools/gcc-7.2.1-1.0/bin/../lib/gcc/arm-none-eabi/7.2.1/../../../../arm-none-eabi/lib/thumb/v7e-m/fpv4-sp/softfp\libg_nano.a(lib_a-nano-vfprintf.o)
 .text.__sfputs_r
                0x10007fc6       0x24 c:/users/oleh/modustoolbox_1.1/tools/gcc-7.2.1-1.0/bin/../lib/gcc/arm-none-eabi/7.2.1/../../../../arm-none-eabi/lib/thumb/v7e-m/fpv4-sp/softfp\libg_nano.a(lib_a-nano-vfprintf.o)
                0x10007fc6                __sfputs_r
 *fill*         0x10007fea        0x2 
 .text._vfprintf_r
                0x10007fec      0x228 c:/users/oleh/modustoolbox_1.1/tools/gcc-7.2.1-1.0/bin/../lib/gcc/arm-none-eabi/7.2.1/../../../../arm-none-eabi/lib/thumb/v7e-m/fpv4-sp/softfp\libg_nano.a(lib_a-nano-vfprintf.o)
                0x10007fec                _vfprintf_r
                0x10007fec                _vfiprintf_r
 .text._sbrk_r  0x10008214       0x20 c:/users/oleh/modustoolbox_1.1/tools/gcc-7.2.1-1.0/bin/../lib/gcc/arm-none-eabi/7.2.1/../../../../arm-none-eabi/lib/thumb/v7e-m/fpv4-sp/softfp\libg_nano.a(lib_a-sbrkr.o)
                0x10008214                _sbrk_r
 .text.__sread  0x10008234       0x22 c:/users/oleh/modustoolbox_1.1/tools/gcc-7.2.1-1.0/bin/../lib/gcc/arm-none-eabi/7.2.1/../../../../arm-none-eabi/lib/thumb/v7e-m/fpv4-sp/softfp\libg_nano.a(lib_a-stdio.o)
                0x10008234                __sread
 .text.__swrite
                0x10008256       0x38 c:/users/oleh/modustoolbox_1.1/tools/gcc-7.2.1-1.0/bin/../lib/gcc/arm-none-eabi/7.2.1/../../../../arm-none-eabi/lib/thumb/v7e-m/fpv4-sp/softfp\libg_nano.a(lib_a-stdio.o)
                0x10008256                __swrite
 .text.__sseek  0x1000828e       0x24 c:/users/oleh/modustoolbox_1.1/tools/gcc-7.2.1-1.0/bin/../lib/gcc/arm-none-eabi/7.2.1/../../../../arm-none-eabi/lib/thumb/v7e-m/fpv4-sp/softfp\libg_nano.a(lib_a-stdio.o)
                0x1000828e                __sseek
 .text.__sclose
                0x100082b2        0x8 c:/users/oleh/modustoolbox_1.1/tools/gcc-7.2.1-1.0/bin/../lib/gcc/arm-none-eabi/7.2.1/../../../../arm-none-eabi/lib/thumb/v7e-m/fpv4-sp/softfp\libg_nano.a(lib_a-stdio.o)
                0x100082b2                __sclose
 *fill*         0x100082ba        0x2 
 .text.__swbuf_r
                0x100082bc       0xa4 c:/users/oleh/modustoolbox_1.1/tools/gcc-7.2.1-1.0/bin/../lib/gcc/arm-none-eabi/7.2.1/../../../../arm-none-eabi/lib/thumb/v7e-m/fpv4-sp/softfp\libg_nano.a(lib_a-wbuf.o)
                0x100082bc                __swbuf_r
 .text.__ascii_wctomb
                0x10008360       0x1a c:/users/oleh/modustoolbox_1.1/tools/gcc-7.2.1-1.0/bin/../lib/gcc/arm-none-eabi/7.2.1/../../../../arm-none-eabi/lib/thumb/v7e-m/fpv4-sp/softfp\libg_nano.a(lib_a-wctomb_r.o)
                0x10008360                __ascii_wctomb
 *fill*         0x1000837a        0x2 
 .text._write_r
                0x1000837c       0x24 c:/users/oleh/modustoolbox_1.1/tools/gcc-7.2.1-1.0/bin/../lib/gcc/arm-none-eabi/7.2.1/../../../../arm-none-eabi/lib/thumb/v7e-m/fpv4-sp/softfp\libg_nano.a(lib_a-writer.o)
                0x1000837c                _write_r
 .text.__swsetup_r
                0x100083a0       0xdc c:/users/oleh/modustoolbox_1.1/tools/gcc-7.2.1-1.0/bin/../lib/gcc/arm-none-eabi/7.2.1/../../../../arm-none-eabi/lib/thumb/v7e-m/fpv4-sp/softfp\libg_nano.a(lib_a-wsetup.o)
                0x100083a0                __swsetup_r
 .text._close_r
                0x1000847c       0x20 c:/users/oleh/modustoolbox_1.1/tools/gcc-7.2.1-1.0/bin/../lib/gcc/arm-none-eabi/7.2.1/../../../../arm-none-eabi/lib/thumb/v7e-m/fpv4-sp/softfp\libg_nano.a(lib_a-closer.o)
                0x1000847c                _close_r
 .text.__sflush_r
                0x1000849c      0x10c c:/users/oleh/modustoolbox_1.1/tools/gcc-7.2.1-1.0/bin/../lib/gcc/arm-none-eabi/7.2.1/../../../../arm-none-eabi/lib/thumb/v7e-m/fpv4-sp/softfp\libg_nano.a(lib_a-fflush.o)
                0x1000849c                __sflush_r
 .text._fflush_r
                0x100085a8       0x54 c:/users/oleh/modustoolbox_1.1/tools/gcc-7.2.1-1.0/bin/../lib/gcc/arm-none-eabi/7.2.1/../../../../arm-none-eabi/lib/thumb/v7e-m/fpv4-sp/softfp\libg_nano.a(lib_a-fflush.o)
                0x100085a8                _fflush_r
 .text._lseek_r
                0x100085fc       0x24 c:/users/oleh/modustoolbox_1.1/tools/gcc-7.2.1-1.0/bin/../lib/gcc/arm-none-eabi/7.2.1/../../../../arm-none-eabi/lib/thumb/v7e-m/fpv4-sp/softfp\libg_nano.a(lib_a-lseekr.o)
                0x100085fc                _lseek_r
 .text.__swhatbuf_r
                0x10008620       0x48 c:/users/oleh/modustoolbox_1.1/tools/gcc-7.2.1-1.0/bin/../lib/gcc/arm-none-eabi/7.2.1/../../../../arm-none-eabi/lib/thumb/v7e-m/fpv4-sp/softfp\libg_nano.a(lib_a-makebuf.o)
                0x10008620                __swhatbuf_r
 .text.__smakebuf_r
                0x10008668       0x80 c:/users/oleh/modustoolbox_1.1/tools/gcc-7.2.1-1.0/bin/../lib/gcc/arm-none-eabi/7.2.1/../../../../arm-none-eabi/lib/thumb/v7e-m/fpv4-sp/softfp\libg_nano.a(lib_a-makebuf.o)
                0x10008668                __smakebuf_r
 .text.__malloc_lock
                0x100086e8        0x2 c:/users/oleh/modustoolbox_1.1/tools/gcc-7.2.1-1.0/bin/../lib/gcc/arm-none-eabi/7.2.1/../../../../arm-none-eabi/lib/thumb/v7e-m/fpv4-sp/softfp\libg_nano.a(lib_a-mlock.o)
                0x100086e8                __malloc_lock
 .text.__malloc_unlock
                0x100086ea        0x2 c:/users/oleh/modustoolbox_1.1/tools/gcc-7.2.1-1.0/bin/../lib/gcc/arm-none-eabi/7.2.1/../../../../arm-none-eabi/lib/thumb/v7e-m/fpv4-sp/softfp\libg_nano.a(lib_a-mlock.o)
                0x100086ea                __malloc_unlock
 .text._read_r  0x100086ec       0x24 c:/users/oleh/modustoolbox_1.1/tools/gcc-7.2.1-1.0/bin/../lib/gcc/arm-none-eabi/7.2.1/../../../../arm-none-eabi/lib/thumb/v7e-m/fpv4-sp/softfp\libg_nano.a(lib_a-readr.o)
                0x100086ec                _read_r
 .text._fstat_r
                0x10008710       0x24 c:/users/oleh/modustoolbox_1.1/tools/gcc-7.2.1-1.0/bin/../lib/gcc/arm-none-eabi/7.2.1/../../../../arm-none-eabi/lib/thumb/v7e-m/fpv4-sp/softfp\libg_nano.a(lib_a-fstatr.o)
                0x10008710                _fstat_r
 .text._isatty_r
                0x10008734       0x20 c:/users/oleh/modustoolbox_1.1/tools/gcc-7.2.1-1.0/bin/../lib/gcc/arm-none-eabi/7.2.1/../../../../arm-none-eabi/lib/thumb/v7e-m/fpv4-sp/softfp\libg_nano.a(lib_a-isattyr.o)
                0x10008734                _isatty_r
 .text          0x10008754      0x378 c:/users/oleh/modustoolbox_1.1/tools/gcc-7.2.1-1.0/bin/../lib/gcc/arm-none-eabi/7.2.1/thumb/v7e-m/fpv4-sp/softfp\libgcc.a(_arm_addsubdf3.o)
                0x10008754                __aeabi_drsub
                0x1000875c                __aeabi_dsub
                0x1000875c                __subdf3
                0x10008760                __aeabi_dadd
                0x10008760                __adddf3
                0x100089d8                __floatunsidf
                0x100089d8                __aeabi_ui2d
                0x100089f8                __floatsidf
                0x100089f8                __aeabi_i2d
                0x10008a1c                __aeabi_f2d
                0x10008a1c                __extendsfdf2
                0x10008a60                __floatundidf
                0x10008a60                __aeabi_ul2d
                0x10008a70                __floatdidf
                0x10008a70                __aeabi_l2d
 .text          0x10008acc      0x424 c:/users/oleh/modustoolbox_1.1/tools/gcc-7.2.1-1.0/bin/../lib/gcc/arm-none-eabi/7.2.1/thumb/v7e-m/fpv4-sp/softfp\libgcc.a(_arm_muldivdf3.o)
                0x10008acc                __aeabi_dmul
                0x10008acc                __muldf3
                0x10008d20                __divdf3
                0x10008d20                __aeabi_ddiv
 .text          0x10008ef0      0x110 c:/users/oleh/modustoolbox_1.1/tools/gcc-7.2.1-1.0/bin/../lib/gcc/arm-none-eabi/7.2.1/thumb/v7e-m/fpv4-sp/softfp\libgcc.a(_arm_cmpdf2.o)
                0x10008ef0                __gtdf2
                0x10008ef0                __gedf2
                0x10008ef8                __ltdf2
                0x10008ef8                __ledf2
                0x10008f00                __nedf2
                0x10008f00                __eqdf2
                0x10008f00                __cmpdf2
                0x10008f7c                __aeabi_cdrcmple
                0x10008f8c                __aeabi_cdcmpeq
                0x10008f8c                __aeabi_cdcmple
                0x10008f9c                __aeabi_dcmpeq
                0x10008fb0                __aeabi_dcmplt
                0x10008fc4                __aeabi_dcmple
                0x10008fd8                __aeabi_dcmpge
                0x10008fec                __aeabi_dcmpgt
 .text          0x10009000       0x2c c:/users/oleh/modustoolbox_1.1/tools/gcc-7.2.1-1.0/bin/../lib/gcc/arm-none-eabi/7.2.1/thumb/v7e-m/fpv4-sp/softfp\libgcc.a(_arm_unorddf2.o)
                0x10009000                __unorddf2
                0x10009000                __aeabi_dcmpun
 .text          0x1000902c       0x50 c:/users/oleh/modustoolbox_1.1/tools/gcc-7.2.1-1.0/bin/../lib/gcc/arm-none-eabi/7.2.1/thumb/v7e-m/fpv4-sp/softfp\libgcc.a(_arm_fixdfsi.o)
                0x1000902c                __aeabi_d2iz
                0x1000902c                __fixdfsi
 .text._close   0x1000907c       0x10 c:/users/oleh/modustoolbox_1.1/tools/gcc-7.2.1-1.0/bin/../lib/gcc/arm-none-eabi/7.2.1/../../../../arm-none-eabi/lib/thumb/v7e-m/fpv4-sp/softfp\libnosys.a(close.o)
                0x1000907c                _close
 .text._fstat   0x1000908c       0x10 c:/users/oleh/modustoolbox_1.1/tools/gcc-7.2.1-1.0/bin/../lib/gcc/arm-none-eabi/7.2.1/../../../../arm-none-eabi/lib/thumb/v7e-m/fpv4-sp/softfp\libnosys.a(fstat.o)
                0x1000908c                _fstat
 .text._isatty  0x1000909c       0x10 c:/users/oleh/modustoolbox_1.1/tools/gcc-7.2.1-1.0/bin/../lib/gcc/arm-none-eabi/7.2.1/../../../../arm-none-eabi/lib/thumb/v7e-m/fpv4-sp/softfp\libnosys.a(isatty.o)
                0x1000909c                _isatty
 .text._lseek   0x100090ac       0x10 c:/users/oleh/modustoolbox_1.1/tools/gcc-7.2.1-1.0/bin/../lib/gcc/arm-none-eabi/7.2.1/../../../../arm-none-eabi/lib/thumb/v7e-m/fpv4-sp/softfp\libnosys.a(lseek.o)
                0x100090ac                _lseek
 .text._sbrk    0x100090bc       0x1c c:/users/oleh/modustoolbox_1.1/tools/gcc-7.2.1-1.0/bin/../lib/gcc/arm-none-eabi/7.2.1/../../../../arm-none-eabi/lib/thumb/v7e-m/fpv4-sp/softfp\libnosys.a(sbrk.o)
                0x100090bc                _sbrk
 *(.init)
 .init          0x100090d8        0x4 c:/users/oleh/modustoolbox_1.1/tools/gcc-7.2.1-1.0/bin/../lib/gcc/arm-none-eabi/7.2.1/thumb/v7e-m/fpv4-sp/softfp/crti.o
                0x100090d8                _init
 .init          0x100090dc        0x8 c:/users/oleh/modustoolbox_1.1/tools/gcc-7.2.1-1.0/bin/../lib/gcc/arm-none-eabi/7.2.1/thumb/v7e-m/fpv4-sp/softfp/crtn.o
 *(.fini)
 .fini          0x100090e4        0x4 c:/users/oleh/modustoolbox_1.1/tools/gcc-7.2.1-1.0/bin/../lib/gcc/arm-none-eabi/7.2.1/thumb/v7e-m/fpv4-sp/softfp/crti.o
                0x100090e4                _fini
 .fini          0x100090e8        0x8 c:/users/oleh/modustoolbox_1.1/tools/gcc-7.2.1-1.0/bin/../lib/gcc/arm-none-eabi/7.2.1/thumb/v7e-m/fpv4-sp/softfp/crtn.o
 *crtbegin.o(.ctors)
 *crtbegin?.o(.ctors)
 *(EXCLUDE_FILE(*crtend.o *crtend?.o) .ctors)
 *(SORT_BY_NAME(.ctors.*))
 *(.ctors)
 *crtbegin.o(.dtors)
 *crtbegin?.o(.dtors)
 *(EXCLUDE_FILE(*crtend.o *crtend?.o) .dtors)
 *(SORT_BY_NAME(.dtors.*))
 *(.dtors)
 *(.rodata .rodata.* .constdata .constdata.* .conststring .conststring.*)
 .rodata.systemIpcPipeConfigCm4.12323
                0x100090f0       0x34 ./psoc6sw-1.1/components/psoc6pdl/devices/psoc6/startup/system_psoc6_cm4.o
 .rodata.main.str1.4
                0x10009124       0x38 ./Source/main.o
 .rodata.sdHostConfig
                0x1000915c        0x3 ./Source/main.o
                0x1000915c                sdHostConfig
 *fill*         0x1000915f        0x1 
 .rodata.sdHostIntrConfig
                0x10009160        0x8 ./Source/main.o
                0x10009160                sdHostIntrConfig
 .rodata.Bridge_UART_config
                0x10009168       0x40 ./GeneratedSource/cycfg_peripherals.o
                0x10009168                Bridge_UART_config
 .rodata.LED_config
                0x100091a8       0x34 ./GeneratedSource/cycfg_pins.o
                0x100091a8                LED_config
 .rodata.SWCLK_config
                0x100091dc       0x34 ./GeneratedSource/cycfg_pins.o
                0x100091dc                SWCLK_config
 .rodata.SWDIO_config
                0x10009210       0x34 ./GeneratedSource/cycfg_pins.o
                0x10009210                SWDIO_config
 .rodata.SWO_config
                0x10009244       0x34 ./GeneratedSource/cycfg_pins.o
                0x10009244                SWO_config
 .rodata.ioss_0_port_12_pin_0_config
                0x10009278       0x34 ./GeneratedSource/cycfg_pins.o
                0x10009278                ioss_0_port_12_pin_0_config
 .rodata.ioss_0_port_12_pin_1_config
                0x100092ac       0x34 ./GeneratedSource/cycfg_pins.o
                0x100092ac                ioss_0_port_12_pin_1_config
 .rodata.ioss_0_port_12_pin_2_config
                0x100092e0       0x34 ./GeneratedSource/cycfg_pins.o
                0x100092e0                ioss_0_port_12_pin_2_config
 .rodata.ioss_0_port_12_pin_4_config
                0x10009314       0x34 ./GeneratedSource/cycfg_pins.o
                0x10009314                ioss_0_port_12_pin_4_config
 .rodata.ioss_0_port_12_pin_5_config
                0x10009348       0x34 ./GeneratedSource/cycfg_pins.o
                0x10009348                ioss_0_port_12_pin_5_config
 .rodata.ioss_0_port_12_pin_6_config
                0x1000937c       0x34 ./GeneratedSource/cycfg_pins.o
                0x1000937c                ioss_0_port_12_pin_6_config
 .rodata.ioss_0_port_12_pin_7_config
                0x100093b0       0x34 ./GeneratedSource/cycfg_pins.o
                0x100093b0                ioss_0_port_12_pin_7_config
 .rodata.ioss_0_port_13_pin_0_config
                0x100093e4       0x34 ./GeneratedSource/cycfg_pins.o
                0x100093e4                ioss_0_port_13_pin_0_config
 .rodata.ioss_0_port_13_pin_1_config
                0x10009418       0x34 ./GeneratedSource/cycfg_pins.o
                0x10009418                ioss_0_port_13_pin_1_config
 .rodata.ioss_0_port_13_pin_2_config
                0x1000944c       0x34 ./GeneratedSource/cycfg_pins.o
                0x1000944c                ioss_0_port_13_pin_2_config
 .rodata.ioss_0_port_13_pin_3_config
                0x10009480       0x34 ./GeneratedSource/cycfg_pins.o
                0x10009480                ioss_0_port_13_pin_3_config
 .rodata.ioss_0_port_13_pin_5_config
                0x100094b4       0x34 ./GeneratedSource/cycfg_pins.o
                0x100094b4                ioss_0_port_13_pin_5_config
 .rodata.ioss_0_port_5_pin_0_config
                0x100094e8       0x34 ./GeneratedSource/cycfg_pins.o
                0x100094e8                ioss_0_port_5_pin_0_config
 .rodata.ioss_0_port_5_pin_1_config
                0x1000951c       0x34 ./GeneratedSource/cycfg_pins.o
                0x1000951c                ioss_0_port_5_pin_1_config
 .rodata.init_cycfg_platform.str1.4
                0x10009550       0x65 ./GeneratedSource/cycfg_platform.o
 *fill*         0x100095b5        0x3 
 .rodata.srss_0_clock_0_fll_0_fllConfig
                0x100095b8       0x14 ./GeneratedSource/cycfg_platform.o
 .rodata.cy_deviceIpBlockCfgPSoC6_02
                0x100095cc       0xb8 E:/Programming/Cypress/PSoC6/psoc6pdl_Cortex-M4/Debug/libpsoc6pdl_Cortex-M4.a(cy_device.o)
                0x100095cc                cy_deviceIpBlockCfgPSoC6_02
 .rodata.Cy_GPIO_Pin_Init.str1.4
                0x10009684       0xc7 E:/Programming/Cypress/PSoC6/psoc6pdl_Cortex-M4/Debug/libpsoc6pdl_Cortex-M4.a(cy_gpio.o)
 *fill*         0x1000974b        0x1 
 .rodata.Cy_IPC_Pipe_EndpointInit.str1.4
                0x1000974c       0xce E:/Programming/Cypress/PSoC6/psoc6pdl_Cortex-M4/Debug/libpsoc6pdl_Cortex-M4.a(cy_ipc_pipe.o)
 .rodata.Cy_IPC_Sema_InitExt.str1.4
                0x1000981a       0x66 E:/Programming/Cypress/PSoC6/psoc6pdl_Cortex-M4/Debug/libpsoc6pdl_Cortex-M4.a(cy_ipc_sema.o)
 *fill*         0x1000981a        0x2 
 .rodata.Cy_SCB_UART_Init.str1.4
                0x1000981c       0x66 E:/Programming/Cypress/PSoC6/psoc6pdl_Cortex-M4/Debug/libpsoc6pdl_Cortex-M4.a(cy_scb_uart.o)
 *fill*         0x10009882        0x2 
 .rodata.Cy_SD_Host_SendCommand.str1.4
                0x10009884       0x65 E:/Programming/Cypress/PSoC6/psoc6pdl_Cortex-M4/Debug/libpsoc6pdl_Cortex-M4.a(cy_sd_host.o)
 *fill*         0x100098e9        0x3 
 .rodata.Cy_SysClk_ClkPathGetSource.str1.4
                0x100098ec       0x64 E:/Programming/Cypress/PSoC6/psoc6pdl_Cortex-M4/Debug/libpsoc6pdl_Cortex-M4.a(cy_sysclk.o)
 .rodata.Cy_SysInt_SetVector.str1.4
                0x10009950       0x64 E:/Programming/Cypress/PSoC6/psoc6pdl_Cortex-M4/Debug/libpsoc6pdl_Cortex-M4.a(cy_sysint.o)
 .rodata.Cy_SysPm_SetHibernateWakeupSource.str1.4
                0x100099b4       0x63 E:/Programming/Cypress/PSoC6/psoc6pdl_Cortex-M4/Debug/libpsoc6pdl_Cortex-M4.a(cy_syspm.o)
 .rodata.Cy_SysPm_WriteVoltageBitForFlash.str1.4
                0x10009a17       0x66 E:/Programming/Cypress/PSoC6/psoc6pdl_Cortex-M4/Debug/libpsoc6pdl_Cortex-M4.a(cy_syspm.o)
 .rodata.Cy_IPC_Drv_LockRelease.str1.4
                0x10009a17       0x66 E:/Programming/Cypress/PSoC6/psoc6pdl_Cortex-M4/Debug/libpsoc6pdl_Cortex-M4.a(cy_ipc_drv.o)
 *fill*         0x10009a17        0x1 
 .rodata.Cy_IPC_Drv_ReadMsgWord.str1.4
                0x10009a18       0x65 E:/Programming/Cypress/PSoC6/psoc6pdl_Cortex-M4/Debug/libpsoc6pdl_Cortex-M4.a(cy_ipc_drv.o)
 *fill*         0x10009a7d        0x3 
 .rodata.Cy_Prot_ConfigBusMaster.str1.4
                0x10009a80       0x64 E:/Programming/Cypress/PSoC6/psoc6pdl_Cortex-M4/Debug/libpsoc6pdl_Cortex-M4.a(cy_prot.o)
                                 0x62 (size before relaxing)
 .rodata._global_impure_ptr
                0x10009ae4        0x4 c:/users/oleh/modustoolbox_1.1/tools/gcc-7.2.1-1.0/bin/../lib/gcc/arm-none-eabi/7.2.1/../../../../arm-none-eabi/lib/thumb/v7e-m/fpv4-sp/softfp\libg_nano.a(lib_a-impure.o)
                0x10009ae4                _global_impure_ptr
 .rodata._printf_float.str1.1
                0x10009ae8       0x12 c:/users/oleh/modustoolbox_1.1/tools/gcc-7.2.1-1.0/bin/../lib/gcc/arm-none-eabi/7.2.1/../../../../arm-none-eabi/lib/thumb/v7e-m/fpv4-sp/softfp\libg_nano.a(lib_a-nano-vfprintf_float.o)
 .rodata._printf_i.str1.1
                0x10009afa       0x22 c:/users/oleh/modustoolbox_1.1/tools/gcc-7.2.1-1.0/bin/../lib/gcc/arm-none-eabi/7.2.1/../../../../arm-none-eabi/lib/thumb/v7e-m/fpv4-sp/softfp\libg_nano.a(lib_a-nano-vfprintf_i.o)
 .rodata._dtoa_r.str1.1
                0x10009b1c        0xd c:/users/oleh/modustoolbox_1.1/tools/gcc-7.2.1-1.0/bin/../lib/gcc/arm-none-eabi/7.2.1/../../../../arm-none-eabi/lib/thumb/v7e-m/fpv4-sp/softfp\libg_nano.a(lib_a-dtoa.o)
                                  0xf (size before relaxing)
 *fill*         0x10009b29        0x3 
 .rodata.__sf_fake_stderr
                0x10009b2c       0x20 c:/users/oleh/modustoolbox_1.1/tools/gcc-7.2.1-1.0/bin/../lib/gcc/arm-none-eabi/7.2.1/../../../../arm-none-eabi/lib/thumb/v7e-m/fpv4-sp/softfp\libg_nano.a(lib_a-findfp.o)
                0x10009b2c                __sf_fake_stderr
 .rodata.__sf_fake_stdin
                0x10009b4c       0x20 c:/users/oleh/modustoolbox_1.1/tools/gcc-7.2.1-1.0/bin/../lib/gcc/arm-none-eabi/7.2.1/../../../../arm-none-eabi/lib/thumb/v7e-m/fpv4-sp/softfp\libg_nano.a(lib_a-findfp.o)
                0x10009b4c                __sf_fake_stdin
 .rodata.__sf_fake_stdout
                0x10009b6c       0x20 c:/users/oleh/modustoolbox_1.1/tools/gcc-7.2.1-1.0/bin/../lib/gcc/arm-none-eabi/7.2.1/../../../../arm-none-eabi/lib/thumb/v7e-m/fpv4-sp/softfp\libg_nano.a(lib_a-findfp.o)
                0x10009b6c                __sf_fake_stdout
 .rodata._setlocale_r.str1.1
                0x10009b8c        0x8 c:/users/oleh/modustoolbox_1.1/tools/gcc-7.2.1-1.0/bin/../lib/gcc/arm-none-eabi/7.2.1/../../../../arm-none-eabi/lib/thumb/v7e-m/fpv4-sp/softfp\libg_nano.a(lib_a-locale.o)
                                  0x9 (size before relaxing)
 .rodata.str1.1
                0x10009b94        0x2 c:/users/oleh/modustoolbox_1.1/tools/gcc-7.2.1-1.0/bin/../lib/gcc/arm-none-eabi/7.2.1/../../../../arm-none-eabi/lib/thumb/v7e-m/fpv4-sp/softfp\libg_nano.a(lib_a-locale.o)
 *fill*         0x10009b96        0x2 
 .rodata.__mprec_bigtens
                0x10009b98       0x28 c:/users/oleh/modustoolbox_1.1/tools/gcc-7.2.1-1.0/bin/../lib/gcc/arm-none-eabi/7.2.1/../../../../arm-none-eabi/lib/thumb/v7e-m/fpv4-sp/softfp\libg_nano.a(lib_a-mprec.o)
                0x10009b98                __mprec_bigtens
 .rodata.__mprec_tens
                0x10009bc0       0xc8 c:/users/oleh/modustoolbox_1.1/tools/gcc-7.2.1-1.0/bin/../lib/gcc/arm-none-eabi/7.2.1/../../../../arm-none-eabi/lib/thumb/v7e-m/fpv4-sp/softfp\libg_nano.a(lib_a-mprec.o)
                0x10009bc0                __mprec_tens
 .rodata.p05.7359
                0x10009c88        0xc c:/users/oleh/modustoolbox_1.1/tools/gcc-7.2.1-1.0/bin/../lib/gcc/arm-none-eabi/7.2.1/../../../../arm-none-eabi/lib/thumb/v7e-m/fpv4-sp/softfp\libg_nano.a(lib_a-mprec.o)
 .rodata._vfprintf_r.str1.1
                0x10009c94       0x11 c:/users/oleh/modustoolbox_1.1/tools/gcc-7.2.1-1.0/bin/../lib/gcc/arm-none-eabi/7.2.1/../../../../arm-none-eabi/lib/thumb/v7e-m/fpv4-sp/softfp\libg_nano.a(lib_a-nano-vfprintf.o)
 .rodata._ctype_
                0x10009ca5      0x101 c:/users/oleh/modustoolbox_1.1/tools/gcc-7.2.1-1.0/bin/../lib/gcc/arm-none-eabi/7.2.1/../../../../arm-none-eabi/lib/thumb/v7e-m/fpv4-sp/softfp\libg_nano.a(lib_a-ctype_.o)
                0x10009ca5                _ctype_
 *(.eh_frame*)
 *fill*         0x10009da6        0x2 
 .eh_frame      0x10009da8        0x0 c:/users/oleh/modustoolbox_1.1/tools/gcc-7.2.1-1.0/bin/../lib/gcc/arm-none-eabi/7.2.1/thumb/v7e-m/fpv4-sp/softfp/crtbegin.o
 .eh_frame      0x10009da8        0x4 c:/users/oleh/modustoolbox_1.1/tools/gcc-7.2.1-1.0/bin/../lib/gcc/arm-none-eabi/7.2.1/thumb/v7e-m/fpv4-sp/softfp/crtend.o

.glue_7         0x10009dac        0x0
 .glue_7        0x10009dac        0x0 linker stubs

.glue_7t        0x10009dac        0x0
 .glue_7t       0x10009dac        0x0 linker stubs

.vfp11_veneer   0x10009dac        0x0
 .vfp11_veneer  0x10009dac        0x0 linker stubs

.v4_bx          0x10009dac        0x0
 .v4_bx         0x10009dac        0x0 linker stubs

.iplt           0x10009dac        0x0
 .iplt          0x10009dac        0x0 c:/users/oleh/modustoolbox_1.1/tools/gcc-7.2.1-1.0/bin/../lib/gcc/arm-none-eabi/7.2.1/thumb/v7e-m/fpv4-sp/softfp/crtbegin.o

.rel.dyn        0x10009dac        0x0
 .rel.iplt      0x10009dac        0x0 c:/users/oleh/modustoolbox_1.1/tools/gcc-7.2.1-1.0/bin/../lib/gcc/arm-none-eabi/7.2.1/thumb/v7e-m/fpv4-sp/softfp/crtbegin.o

.ARM.extab
 *(.ARM.extab* .gnu.linkonce.armextab.*)
                0x10009dac                __exidx_start = .

.ARM.exidx
 *(.ARM.exidx* .gnu.linkonce.armexidx.*)
                0x10009dac                __exidx_end = .

.copy.table     0x10009dac       0x18
                0x10009dac                . = ALIGN (0x4)
                0x10009dac                __copy_table_start__ = .
                0x10009dac        0x4 LONG 0x10002000 __Vectors
                0x10009db0        0x4 LONG 0x8002000 __ram_vectors_start__
                0x10009db4        0x4 LONG 0x2e0 (__Vectors_End - __Vectors)
                0x10009db8        0x4 LONG 0x10009dcc __etext
                0x10009dbc        0x4 LONG 0x80022e0 __data_start__
                0x10009dc0        0x4 LONG 0x414 (__data_end__ - __data_start__)
                0x10009dc4                __copy_table_end__ = .

.zero.table     0x10009dc4        0x8
                0x10009dc4                . = ALIGN (0x4)
                0x10009dc4                __zero_table_start__ = .
                0x10009dc4        0x4 LONG 0x800278c __bss_start__
                0x10009dc8        0x4 LONG 0x260 (__bss_end__ - __bss_start__)
                0x10009dcc                __zero_table_end__ = .
                0x10009dcc                __etext = .

.ramVectors     0x08002000      0x2e0
                0x08002000                __ram_vectors_start__ = .
 *(.ram_vectors)
 .ram_vectors   0x08002000      0x2e0 ./psoc6sw-1.1/components/psoc6pdl/devices/psoc6/startup/gcc/startup_psoc6_02_cm4.o
                0x08002000                __ramVectors
                0x080022e0                __ram_vectors_end__ = .

.data           0x080022e0      0x414 load address 0x10009dcc
                0x080022e0                __data_start__ = .
 *(vtable)
 *(.data*)
 .data.SystemCoreClock
                0x080022e0        0x4 ./psoc6sw-1.1/components/psoc6pdl/devices/psoc6/startup/system_psoc6_cm4.o
                0x080022e0                SystemCoreClock
 .data.cy_Hfclk0FreqHz
                0x080022e4        0x4 ./psoc6sw-1.1/components/psoc6pdl/devices/psoc6/startup/system_psoc6_cm4.o
                0x080022e4                cy_Hfclk0FreqHz
 .data.cy_PeriClkFreqHz
                0x080022e8        0x4 ./psoc6sw-1.1/components/psoc6pdl/devices/psoc6/startup/system_psoc6_cm4.o
                0x080022e8                cy_PeriClkFreqHz
 .data.cy_delay32kMs
                0x080022ec        0x4 ./psoc6sw-1.1/components/psoc6pdl/devices/psoc6/startup/system_psoc6_cm4.o
                0x080022ec                cy_delay32kMs
 .data.cy_delayFreqHz
                0x080022f0        0x4 ./psoc6sw-1.1/components/psoc6pdl/devices/psoc6/startup/system_psoc6_cm4.o
                0x080022f0                cy_delayFreqHz
 .data.cy_delayFreqKhz
                0x080022f4        0x4 ./psoc6sw-1.1/components/psoc6pdl/devices/psoc6/startup/system_psoc6_cm4.o
                0x080022f4                cy_delayFreqKhz
 .data.cy_delayFreqMhz
                0x080022f8        0x1 ./psoc6sw-1.1/components/psoc6pdl/devices/psoc6/startup/system_psoc6_cm4.o
                0x080022f8                cy_delayFreqMhz
 *fill*         0x080022f9        0x3 
 .data.sdCardConfig
                0x080022fc       0x10 ./Source/main.o
                0x080022fc                sdCardConfig
 .data._impure_ptr
                0x0800230c        0x4 c:/users/oleh/modustoolbox_1.1/tools/gcc-7.2.1-1.0/bin/../lib/gcc/arm-none-eabi/7.2.1/../../../../arm-none-eabi/lib/thumb/v7e-m/fpv4-sp/softfp\libg_nano.a(lib_a-impure.o)
                0x0800230c                _impure_ptr
 .data.impure_data
                0x08002310       0x60 c:/users/oleh/modustoolbox_1.1/tools/gcc-7.2.1-1.0/bin/../lib/gcc/arm-none-eabi/7.2.1/../../../../arm-none-eabi/lib/thumb/v7e-m/fpv4-sp/softfp\libg_nano.a(lib_a-impure.o)
 .data.__global_locale
                0x08002370      0x16c c:/users/oleh/modustoolbox_1.1/tools/gcc-7.2.1-1.0/bin/../lib/gcc/arm-none-eabi/7.2.1/../../../../arm-none-eabi/lib/thumb/v7e-m/fpv4-sp/softfp\libg_nano.a(lib_a-locale.o)
                0x08002370                __global_locale
                0x080024dc                . = ALIGN (0x4)
                0x080024dc                PROVIDE (__preinit_array_start, .)
 *(.preinit_array)
                0x080024dc                PROVIDE (__preinit_array_end, .)
                0x080024dc                . = ALIGN (0x4)
                0x080024dc                PROVIDE (__init_array_start, .)
 *(SORT_BY_NAME(.init_array.*))
 *(.init_array)
 .init_array    0x080024dc        0x4 c:/users/oleh/modustoolbox_1.1/tools/gcc-7.2.1-1.0/bin/../lib/gcc/arm-none-eabi/7.2.1/thumb/v7e-m/fpv4-sp/softfp/crtbegin.o
                0x080024e0                PROVIDE (__init_array_end, .)
                0x080024e0                . = ALIGN (0x4)
                [!provide]                PROVIDE (__fini_array_start, .)
 *(SORT_BY_NAME(.fini_array.*))
 *(.fini_array)
 .fini_array    0x080024e0        0x4 c:/users/oleh/modustoolbox_1.1/tools/gcc-7.2.1-1.0/bin/../lib/gcc/arm-none-eabi/7.2.1/thumb/v7e-m/fpv4-sp/softfp/crtbegin.o
                [!provide]                PROVIDE (__fini_array_end, .)
 *(.jcr*)
                0x080024e4                . = ALIGN (0x4)
 *(.cy_ramfunc*)
 .cy_ramfunc    0x080024e4      0x210 E:/Programming/Cypress/PSoC6/psoc6pdl_Cortex-M4/Debug/libpsoc6pdl_Cortex-M4.a(cy_syspm.o)
                0x080026f4                . = ALIGN (0x4)
                0x080026f4                __data_end__ = .

.igot.plt       0x080026f4        0x0 load address 0x1000a1e0
 .igot.plt      0x080026f4        0x0 c:/users/oleh/modustoolbox_1.1/tools/gcc-7.2.1-1.0/bin/../lib/gcc/arm-none-eabi/7.2.1/thumb/v7e-m/fpv4-sp/softfp/crtbegin.o

.noinit         0x080026f8       0x94 load address 0x1000a1e8
 *(.noinit)
 .noinit        0x080026f8       0x94 E:/Programming/Cypress/PSoC6/psoc6pdl_Cortex-M4/Debug/libpsoc6pdl_Cortex-M4.a(cy_syslib.o)
                0x080026f8                cy_assertFileName
                0x08002710                cy_assertLine
                0x08002714                cy_faultFrame

.bss            0x0800278c      0x260 load address 0x1000a27c
                0x0800278c                . = ALIGN (0x4)
                0x0800278c                __bss_start__ = .
 *(.bss*)
 .bss           0x0800278c       0x1c c:/users/oleh/modustoolbox_1.1/tools/gcc-7.2.1-1.0/bin/../lib/gcc/arm-none-eabi/7.2.1/thumb/v7e-m/fpv4-sp/softfp/crtbegin.o
 .bss.systemIpcPipeEpArray.12321
                0x080027a8      0x160 ./psoc6sw-1.1/components/psoc6pdl/devices/psoc6/startup/system_psoc6_cm4.o
 .bss.systemIpcPipeSysCbArray.12322
                0x08002908       0x20 ./psoc6sw-1.1/components/psoc6pdl/devices/psoc6/startup/system_psoc6_cm4.o
 .bss.cy_ipc_pipe_epArray
                0x08002928        0x4 E:/Programming/Cypress/PSoC6/psoc6pdl_Cortex-M4/Debug/libpsoc6pdl_Cortex-M4.a(cy_ipc_pipe.o)
 .bss.cy_semaData.9850
                0x0800292c        0x8 E:/Programming/Cypress/PSoC6/psoc6pdl_Cortex-M4/Debug/libpsoc6pdl_Cortex-M4.a(cy_ipc_sema.o)
 .bss.cy_semaIpcStruct
                0x08002934        0x4 E:/Programming/Cypress/PSoC6/psoc6pdl_Cortex-M4/Debug/libpsoc6pdl_Cortex-M4.a(cy_ipc_sema.o)
 .bss.bkpRegs   0x08002938       0x20 E:/Programming/Cypress/PSoC6/psoc6pdl_Cortex-M4/Debug/libpsoc6pdl_Cortex-M4.a(cy_syspm.o)
 .bss.wasEventSent
                0x08002958        0x1 E:/Programming/Cypress/PSoC6/psoc6pdl_Cortex-M4/Debug/libpsoc6pdl_Cortex-M4.a(cy_syspm.o)
 *fill*         0x08002959        0x3 
 .bss.__malloc_free_list
                0x0800295c        0x4 c:/users/oleh/modustoolbox_1.1/tools/gcc-7.2.1-1.0/bin/../lib/gcc/arm-none-eabi/7.2.1/../../../../arm-none-eabi/lib/thumb/v7e-m/fpv4-sp/softfp\libg_nano.a(lib_a-nano-mallocr.o)
                0x0800295c                __malloc_free_list
 .bss.__malloc_sbrk_start
                0x08002960        0x4 c:/users/oleh/modustoolbox_1.1/tools/gcc-7.2.1-1.0/bin/../lib/gcc/arm-none-eabi/7.2.1/../../../../arm-none-eabi/lib/thumb/v7e-m/fpv4-sp/softfp\libg_nano.a(lib_a-nano-mallocr.o)
                0x08002960                __malloc_sbrk_start
 .bss.heap_end.5377
                0x08002964        0x4 c:/users/oleh/modustoolbox_1.1/tools/gcc-7.2.1-1.0/bin/../lib/gcc/arm-none-eabi/7.2.1/../../../../arm-none-eabi/lib/thumb/v7e-m/fpv4-sp/softfp\libnosys.a(sbrk.o)
 *(COMMON)
 COMMON         0x08002968       0x7c ./Source/main.o
                0x08002968                data
                0x08002980                cardCapacity
                0x08002981                cardType
                0x08002984                sdHostContext
                0x080029a4                rca
                0x080029a8                ret
                0x080029ac                uart_context
 COMMON         0x080029e4        0x4 E:/Programming/Cypress/PSoC6/psoc6pdl_Cortex-M4/Debug/libpsoc6pdl_Cortex-M4.a(cy_device.o)
                0x080029e4                cy_device
 COMMON         0x080029e8        0x4 c:/users/oleh/modustoolbox_1.1/tools/gcc-7.2.1-1.0/bin/../lib/gcc/arm-none-eabi/7.2.1/../../../../arm-none-eabi/lib/thumb/v7e-m/fpv4-sp/softfp\libg_nano.a(lib_a-reent.o)
                0x080029e8                errno
                0x080029ec                . = ALIGN (0x4)
                0x080029ec                __bss_end__ = .

.heap           0x080029f0      0x400
                0x080029f0                __HeapBase = .
                0x080029f0                __end__ = .
                0x080029f0                end = __end__
 *(.heap*)
 .heap          0x080029f0      0x400 ./psoc6sw-1.1/components/psoc6pdl/devices/psoc6/startup/gcc/startup_psoc6_02_cm4.o
                0x08002df0                __HeapLimit = .

.stack_dummy    0x080029f0     0x1000
 *(.stack*)
 .stack         0x080029f0     0x1000 ./psoc6sw-1.1/components/psoc6pdl/devices/psoc6/startup/gcc/startup_psoc6_02_cm4.o
                0x080ff800                __StackTop = (ORIGIN (ram) + LENGTH (ram))
                0x080fe800                __StackLimit = (__StackTop - SIZEOF (.stack_dummy))
                0x080ff800                PROVIDE (__stack, __StackTop)
                0x00000001                ASSERT ((__StackLimit >= __HeapLimit), region RAM overflowed with stack)

.cy_app_signature
 *(.cy_app_signature)

.cy_em_eeprom
 *(.cy_em_eeprom)

.cy_sflash_user_data
 *(.cy_sflash_user_data)

.cy_sflash_nar
 *(.cy_sflash_nar)

.cy_sflash_public_key
 *(.cy_sflash_public_key)

.cy_toc_part2
 *(.cy_toc_part2)

.cy_rtoc_part2
 *(.cy_rtoc_part2)

.cy_xip
 *(.cy_xip)

.cy_efuse
 *(.cy_efuse)

.cymeta
 *(.cymeta)
                0x10000000                __cy_memory_0_start = 0x10000000
                0x00200000                __cy_memory_0_length = 0x200000
                0x00000200                __cy_memory_0_row_size = 0x200
                0x14000000                __cy_memory_1_start = 0x14000000
                0x00008000                __cy_memory_1_length = 0x8000
                0x00000200                __cy_memory_1_row_size = 0x200
                0x16000000                __cy_memory_2_start = 0x16000000
                0x00008000                __cy_memory_2_length = 0x8000
                0x00000200                __cy_memory_2_row_size = 0x200
                0x18000000                __cy_memory_3_start = 0x18000000
                0x08000000                __cy_memory_3_length = 0x8000000
                0x00000200                __cy_memory_3_row_size = 0x200
                0x90700000                __cy_memory_4_start = 0x90700000
                0x00100000                __cy_memory_4_length = 0x100000
                0x00000001                __cy_memory_4_row_size = 0x1
OUTPUT(SDHC_write_read_mainapp.elf elf32-littlearm)

.ARM.attributes
                0x00000000       0x2e
 .ARM.attributes
                0x00000000       0x22 c:/users/oleh/modustoolbox_1.1/tools/gcc-7.2.1-1.0/bin/../lib/gcc/arm-none-eabi/7.2.1/thumb/v7e-m/fpv4-sp/softfp/crti.o
 .ARM.attributes
                0x00000022       0x32 c:/users/oleh/modustoolbox_1.1/tools/gcc-7.2.1-1.0/bin/../lib/gcc/arm-none-eabi/7.2.1/thumb/v7e-m/fpv4-sp/softfp/crtbegin.o
 .ARM.attributes
                0x00000054       0x37 ./psoc6sw-1.1/components/psoc6pdl/utilities/retarget_io/retarget.o
 .ARM.attributes
                0x0000008b       0x1f ./psoc6sw-1.1/components/psoc6pdl/devices/psoc6/startup/gcc/startup_psoc6_02_cm4.o
 .ARM.attributes
                0x000000aa       0x37 ./psoc6sw-1.1/components/psoc6pdl/devices/psoc6/startup/system_psoc6_cm4.o
 .ARM.attributes
                0x000000e1       0x37 ./Source/main.o
 .ARM.attributes
                0x00000118       0x37 ./Source/stdio_user.o
 .ARM.attributes
                0x0000014f       0x37 ./GeneratedSource/cycfg.o
 .ARM.attributes
                0x00000186       0x37 ./GeneratedSource/cycfg_clocks.o
 .ARM.attributes
                0x000001bd       0x37 ./GeneratedSource/cycfg_peripherals.o
 .ARM.attributes
                0x000001f4       0x37 ./GeneratedSource/cycfg_pins.o
 .ARM.attributes
                0x0000022b       0x37 ./GeneratedSource/cycfg_platform.o
 .ARM.attributes
                0x00000262       0x37 ./GeneratedSource/cycfg_routing.o
 .ARM.attributes
                0x00000299       0x25 E:/Programming/Cypress/PSoC6/psoc6pdl_Cortex-M4/Debug/libpsoc6pdl_Cortex-M4.a(cy_syslib_gcc.o)
 .ARM.attributes
                0x000002be       0x37 E:/Programming/Cypress/PSoC6/psoc6pdl_Cortex-M4/Debug/libpsoc6pdl_Cortex-M4.a(cy_device.o)
 .ARM.attributes
                0x000002f5       0x37 E:/Programming/Cypress/PSoC6/psoc6pdl_Cortex-M4/Debug/libpsoc6pdl_Cortex-M4.a(cy_gpio.o)
 .ARM.attributes
                0x0000032c       0x37 E:/Programming/Cypress/PSoC6/psoc6pdl_Cortex-M4/Debug/libpsoc6pdl_Cortex-M4.a(cy_ipc_pipe.o)
 .ARM.attributes
                0x00000363       0x37 E:/Programming/Cypress/PSoC6/psoc6pdl_Cortex-M4/Debug/libpsoc6pdl_Cortex-M4.a(cy_ipc_sema.o)
 .ARM.attributes
                0x0000039a       0x37 E:/Programming/Cypress/PSoC6/psoc6pdl_Cortex-M4/Debug/libpsoc6pdl_Cortex-M4.a(cy_scb_common.o)
 .ARM.attributes
                0x000003d1       0x37 E:/Programming/Cypress/PSoC6/psoc6pdl_Cortex-M4/Debug/libpsoc6pdl_Cortex-M4.a(cy_scb_uart.o)
 .ARM.attributes
                0x00000408       0x37 E:/Programming/Cypress/PSoC6/psoc6pdl_Cortex-M4/Debug/libpsoc6pdl_Cortex-M4.a(cy_sd_host.o)
 .ARM.attributes
                0x0000043f       0x37 E:/Programming/Cypress/PSoC6/psoc6pdl_Cortex-M4/Debug/libpsoc6pdl_Cortex-M4.a(cy_sysclk.o)
 .ARM.attributes
                0x00000476       0x37 E:/Programming/Cypress/PSoC6/psoc6pdl_Cortex-M4/Debug/libpsoc6pdl_Cortex-M4.a(cy_sysint.o)
 .ARM.attributes
                0x000004ad       0x37 E:/Programming/Cypress/PSoC6/psoc6pdl_Cortex-M4/Debug/libpsoc6pdl_Cortex-M4.a(cy_syslib.o)
 .ARM.attributes
                0x000004e4       0x37 E:/Programming/Cypress/PSoC6/psoc6pdl_Cortex-M4/Debug/libpsoc6pdl_Cortex-M4.a(cy_syspm.o)
 .ARM.attributes
                0x0000051b       0x37 E:/Programming/Cypress/PSoC6/psoc6pdl_Cortex-M4/Debug/libpsoc6pdl_Cortex-M4.a(cy_ipc_drv.o)
 .ARM.attributes
                0x00000552       0x37 E:/Programming/Cypress/PSoC6/psoc6pdl_Cortex-M4/Debug/libpsoc6pdl_Cortex-M4.a(cy_prot.o)
 .ARM.attributes
                0x00000589       0x32 c:/users/oleh/modustoolbox_1.1/tools/gcc-7.2.1-1.0/bin/../lib/gcc/arm-none-eabi/7.2.1/../../../../arm-none-eabi/lib/thumb/v7e-m/fpv4-sp/softfp\libg_nano.a(lib_a-impure.o)
 .ARM.attributes
                0x000005bb       0x32 c:/users/oleh/modustoolbox_1.1/tools/gcc-7.2.1-1.0/bin/../lib/gcc/arm-none-eabi/7.2.1/../../../../arm-none-eabi/lib/thumb/v7e-m/fpv4-sp/softfp\libg_nano.a(lib_a-memset.o)
 .ARM.attributes
                0x000005ed       0x32 c:/users/oleh/modustoolbox_1.1/tools/gcc-7.2.1-1.0/bin/../lib/gcc/arm-none-eabi/7.2.1/../../../../arm-none-eabi/lib/thumb/v7e-m/fpv4-sp/softfp\libg_nano.a(lib_a-nano-vfprintf_float.o)
 .ARM.attributes
                0x0000061f       0x32 c:/users/oleh/modustoolbox_1.1/tools/gcc-7.2.1-1.0/bin/../lib/gcc/arm-none-eabi/7.2.1/../../../../arm-none-eabi/lib/thumb/v7e-m/fpv4-sp/softfp\libg_nano.a(lib_a-nano-vfprintf_i.o)
 .ARM.attributes
                0x00000651       0x32 c:/users/oleh/modustoolbox_1.1/tools/gcc-7.2.1-1.0/bin/../lib/gcc/arm-none-eabi/7.2.1/../../../../arm-none-eabi/lib/thumb/v7e-m/fpv4-sp/softfp\libg_nano.a(lib_a-printf.o)
 .ARM.attributes
                0x00000683       0x1b c:/users/oleh/modustoolbox_1.1/tools/gcc-7.2.1-1.0/bin/../lib/gcc/arm-none-eabi/7.2.1/../../../../arm-none-eabi/lib/thumb/v7e-m/fpv4-sp/softfp\libg_nano.a(lib_a-strlen.o)
 .ARM.attributes
                0x0000069e       0x32 c:/users/oleh/modustoolbox_1.1/tools/gcc-7.2.1-1.0/bin/../lib/gcc/arm-none-eabi/7.2.1/../../../../arm-none-eabi/lib/thumb/v7e-m/fpv4-sp/softfp\libg_nano.a(lib_a-strncpy.o)
 .ARM.attributes
                0x000006d0       0x32 c:/users/oleh/modustoolbox_1.1/tools/gcc-7.2.1-1.0/bin/../lib/gcc/arm-none-eabi/7.2.1/../../../../arm-none-eabi/lib/thumb/v7e-m/fpv4-sp/softfp\libg_nano.a(lib_a-dtoa.o)
 .ARM.attributes
                0x00000702       0x32 c:/users/oleh/modustoolbox_1.1/tools/gcc-7.2.1-1.0/bin/../lib/gcc/arm-none-eabi/7.2.1/../../../../arm-none-eabi/lib/thumb/v7e-m/fpv4-sp/softfp\libg_nano.a(lib_a-findfp.o)
 .ARM.attributes
                0x00000734       0x32 c:/users/oleh/modustoolbox_1.1/tools/gcc-7.2.1-1.0/bin/../lib/gcc/arm-none-eabi/7.2.1/../../../../arm-none-eabi/lib/thumb/v7e-m/fpv4-sp/softfp\libg_nano.a(lib_a-fwalk.o)
 .ARM.attributes
                0x00000766       0x32 c:/users/oleh/modustoolbox_1.1/tools/gcc-7.2.1-1.0/bin/../lib/gcc/arm-none-eabi/7.2.1/../../../../arm-none-eabi/lib/thumb/v7e-m/fpv4-sp/softfp\libg_nano.a(lib_a-locale.o)
 .ARM.attributes
                0x00000798       0x32 c:/users/oleh/modustoolbox_1.1/tools/gcc-7.2.1-1.0/bin/../lib/gcc/arm-none-eabi/7.2.1/../../../../arm-none-eabi/lib/thumb/v7e-m/fpv4-sp/softfp\libg_nano.a(lib_a-localeconv.o)
 .ARM.attributes
                0x000007ca       0x32 c:/users/oleh/modustoolbox_1.1/tools/gcc-7.2.1-1.0/bin/../lib/gcc/arm-none-eabi/7.2.1/../../../../arm-none-eabi/lib/thumb/v7e-m/fpv4-sp/softfp\libg_nano.a(lib_a-malloc.o)
 .ARM.attributes
                0x000007fc       0x32 c:/users/oleh/modustoolbox_1.1/tools/gcc-7.2.1-1.0/bin/../lib/gcc/arm-none-eabi/7.2.1/../../../../arm-none-eabi/lib/thumb/v7e-m/fpv4-sp/softfp\libg_nano.a(lib_a-mbtowc_r.o)
 .ARM.attributes
                0x0000082e       0x20 c:/users/oleh/modustoolbox_1.1/tools/gcc-7.2.1-1.0/bin/../lib/gcc/arm-none-eabi/7.2.1/../../../../arm-none-eabi/lib/thumb/v7e-m/fpv4-sp/softfp\libg_nano.a(lib_a-memchr.o)
 .ARM.attributes
                0x0000084e       0x32 c:/users/oleh/modustoolbox_1.1/tools/gcc-7.2.1-1.0/bin/../lib/gcc/arm-none-eabi/7.2.1/../../../../arm-none-eabi/lib/thumb/v7e-m/fpv4-sp/softfp\libg_nano.a(lib_a-memcpy-stub.o)
 .ARM.attributes
                0x00000880       0x32 c:/users/oleh/modustoolbox_1.1/tools/gcc-7.2.1-1.0/bin/../lib/gcc/arm-none-eabi/7.2.1/../../../../arm-none-eabi/lib/thumb/v7e-m/fpv4-sp/softfp\libg_nano.a(lib_a-mprec.o)
 .ARM.attributes
                0x000008b2       0x32 c:/users/oleh/modustoolbox_1.1/tools/gcc-7.2.1-1.0/bin/../lib/gcc/arm-none-eabi/7.2.1/../../../../arm-none-eabi/lib/thumb/v7e-m/fpv4-sp/softfp\libg_nano.a(lib_a-nano-callocr.o)
 .ARM.attributes
                0x000008e4       0x32 c:/users/oleh/modustoolbox_1.1/tools/gcc-7.2.1-1.0/bin/../lib/gcc/arm-none-eabi/7.2.1/../../../../arm-none-eabi/lib/thumb/v7e-m/fpv4-sp/softfp\libg_nano.a(lib_a-nano-freer.o)
 .ARM.attributes
                0x00000916       0x32 c:/users/oleh/modustoolbox_1.1/tools/gcc-7.2.1-1.0/bin/../lib/gcc/arm-none-eabi/7.2.1/../../../../arm-none-eabi/lib/thumb/v7e-m/fpv4-sp/softfp\libg_nano.a(lib_a-nano-mallocr.o)
 .ARM.attributes
                0x00000948       0x32 c:/users/oleh/modustoolbox_1.1/tools/gcc-7.2.1-1.0/bin/../lib/gcc/arm-none-eabi/7.2.1/../../../../arm-none-eabi/lib/thumb/v7e-m/fpv4-sp/softfp\libg_nano.a(lib_a-nano-vfprintf.o)
 .ARM.attributes
                0x0000097a       0x32 c:/users/oleh/modustoolbox_1.1/tools/gcc-7.2.1-1.0/bin/../lib/gcc/arm-none-eabi/7.2.1/../../../../arm-none-eabi/lib/thumb/v7e-m/fpv4-sp/softfp\libg_nano.a(lib_a-sbrkr.o)
 .ARM.attributes
                0x000009ac       0x32 c:/users/oleh/modustoolbox_1.1/tools/gcc-7.2.1-1.0/bin/../lib/gcc/arm-none-eabi/7.2.1/../../../../arm-none-eabi/lib/thumb/v7e-m/fpv4-sp/softfp\libg_nano.a(lib_a-stdio.o)
 .ARM.attributes
                0x000009de       0x32 c:/users/oleh/modustoolbox_1.1/tools/gcc-7.2.1-1.0/bin/../lib/gcc/arm-none-eabi/7.2.1/../../../../arm-none-eabi/lib/thumb/v7e-m/fpv4-sp/softfp\libg_nano.a(lib_a-wbuf.o)
 .ARM.attributes
                0x00000a10       0x32 c:/users/oleh/modustoolbox_1.1/tools/gcc-7.2.1-1.0/bin/../lib/gcc/arm-none-eabi/7.2.1/../../../../arm-none-eabi/lib/thumb/v7e-m/fpv4-sp/softfp\libg_nano.a(lib_a-wctomb_r.o)
 .ARM.attributes
                0x00000a42       0x32 c:/users/oleh/modustoolbox_1.1/tools/gcc-7.2.1-1.0/bin/../lib/gcc/arm-none-eabi/7.2.1/../../../../arm-none-eabi/lib/thumb/v7e-m/fpv4-sp/softfp\libg_nano.a(lib_a-writer.o)
 .ARM.attributes
                0x00000a74       0x32 c:/users/oleh/modustoolbox_1.1/tools/gcc-7.2.1-1.0/bin/../lib/gcc/arm-none-eabi/7.2.1/../../../../arm-none-eabi/lib/thumb/v7e-m/fpv4-sp/softfp\libg_nano.a(lib_a-wsetup.o)
 .ARM.attributes
                0x00000aa6       0x32 c:/users/oleh/modustoolbox_1.1/tools/gcc-7.2.1-1.0/bin/../lib/gcc/arm-none-eabi/7.2.1/../../../../arm-none-eabi/lib/thumb/v7e-m/fpv4-sp/softfp\libg_nano.a(lib_a-closer.o)
 .ARM.attributes
                0x00000ad8       0x32 c:/users/oleh/modustoolbox_1.1/tools/gcc-7.2.1-1.0/bin/../lib/gcc/arm-none-eabi/7.2.1/../../../../arm-none-eabi/lib/thumb/v7e-m/fpv4-sp/softfp\libg_nano.a(lib_a-ctype_.o)
 .ARM.attributes
                0x00000b0a       0x32 c:/users/oleh/modustoolbox_1.1/tools/gcc-7.2.1-1.0/bin/../lib/gcc/arm-none-eabi/7.2.1/../../../../arm-none-eabi/lib/thumb/v7e-m/fpv4-sp/softfp\libg_nano.a(lib_a-fflush.o)
 .ARM.attributes
                0x00000b3c       0x32 c:/users/oleh/modustoolbox_1.1/tools/gcc-7.2.1-1.0/bin/../lib/gcc/arm-none-eabi/7.2.1/../../../../arm-none-eabi/lib/thumb/v7e-m/fpv4-sp/softfp\libg_nano.a(lib_a-lseekr.o)
 .ARM.attributes
                0x00000b6e       0x32 c:/users/oleh/modustoolbox_1.1/tools/gcc-7.2.1-1.0/bin/../lib/gcc/arm-none-eabi/7.2.1/../../../../arm-none-eabi/lib/thumb/v7e-m/fpv4-sp/softfp\libg_nano.a(lib_a-makebuf.o)
 .ARM.attributes
                0x00000ba0       0x32 c:/users/oleh/modustoolbox_1.1/tools/gcc-7.2.1-1.0/bin/../lib/gcc/arm-none-eabi/7.2.1/../../../../arm-none-eabi/lib/thumb/v7e-m/fpv4-sp/softfp\libg_nano.a(lib_a-mlock.o)
 .ARM.attributes
                0x00000bd2       0x32 c:/users/oleh/modustoolbox_1.1/tools/gcc-7.2.1-1.0/bin/../lib/gcc/arm-none-eabi/7.2.1/../../../../arm-none-eabi/lib/thumb/v7e-m/fpv4-sp/softfp\libg_nano.a(lib_a-readr.o)
 .ARM.attributes
                0x00000c04       0x32 c:/users/oleh/modustoolbox_1.1/tools/gcc-7.2.1-1.0/bin/../lib/gcc/arm-none-eabi/7.2.1/../../../../arm-none-eabi/lib/thumb/v7e-m/fpv4-sp/softfp\libg_nano.a(lib_a-reent.o)
 .ARM.attributes
                0x00000c36       0x32 c:/users/oleh/modustoolbox_1.1/tools/gcc-7.2.1-1.0/bin/../lib/gcc/arm-none-eabi/7.2.1/../../../../arm-none-eabi/lib/thumb/v7e-m/fpv4-sp/softfp\libg_nano.a(lib_a-fstatr.o)
 .ARM.attributes
                0x00000c68       0x32 c:/users/oleh/modustoolbox_1.1/tools/gcc-7.2.1-1.0/bin/../lib/gcc/arm-none-eabi/7.2.1/../../../../arm-none-eabi/lib/thumb/v7e-m/fpv4-sp/softfp\libg_nano.a(lib_a-isattyr.o)
 .ARM.attributes
                0x00000c9a       0x22 c:/users/oleh/modustoolbox_1.1/tools/gcc-7.2.1-1.0/bin/../lib/gcc/arm-none-eabi/7.2.1/thumb/v7e-m/fpv4-sp/softfp\libgcc.a(_arm_addsubdf3.o)
 .ARM.attributes
                0x00000cbc       0x22 c:/users/oleh/modustoolbox_1.1/tools/gcc-7.2.1-1.0/bin/../lib/gcc/arm-none-eabi/7.2.1/thumb/v7e-m/fpv4-sp/softfp\libgcc.a(_arm_muldivdf3.o)
 .ARM.attributes
                0x00000cde       0x22 c:/users/oleh/modustoolbox_1.1/tools/gcc-7.2.1-1.0/bin/../lib/gcc/arm-none-eabi/7.2.1/thumb/v7e-m/fpv4-sp/softfp\libgcc.a(_arm_cmpdf2.o)
 .ARM.attributes
                0x00000d00       0x22 c:/users/oleh/modustoolbox_1.1/tools/gcc-7.2.1-1.0/bin/../lib/gcc/arm-none-eabi/7.2.1/thumb/v7e-m/fpv4-sp/softfp\libgcc.a(_arm_unorddf2.o)
 .ARM.attributes
                0x00000d22       0x22 c:/users/oleh/modustoolbox_1.1/tools/gcc-7.2.1-1.0/bin/../lib/gcc/arm-none-eabi/7.2.1/thumb/v7e-m/fpv4-sp/softfp\libgcc.a(_arm_fixdfsi.o)
 .ARM.attributes